Archive member included to satisfy reference by file (symbol)

c:/st/stm32cubeide_1.4.0/stm32cubeide/plugins/com.st.stm32cube.ide.mcu.externaltools.gnu-tools-for-stm32.7-2018-q2-update.win32_1.5.0.202011040924/tools/bin/../lib/gcc/arm-none-eabi/7.3.1/../../../../arm-none-eabi/lib/thumb/v7e-m/fpv4-sp/hard\libc_nano.a(lib_a-errno.o)
                              Core/Src/syscalls.o (__errno)
c:/st/stm32cubeide_1.4.0/stm32cubeide/plugins/com.st.stm32cube.ide.mcu.externaltools.gnu-tools-for-stm32.7-2018-q2-update.win32_1.5.0.202011040924/tools/bin/../lib/gcc/arm-none-eabi/7.3.1/../../../../arm-none-eabi/lib/thumb/v7e-m/fpv4-sp/hard\libc_nano.a(lib_a-exit.o)
                              c:/st/stm32cubeide_1.4.0/stm32cubeide/plugins/com.st.stm32cube.ide.mcu.externaltools.gnu-tools-for-stm32.7-2018-q2-update.win32_1.5.0.202011040924/tools/bin/../lib/gcc/arm-none-eabi/7.3.1/../../../../arm-none-eabi/lib/thumb/v7e-m/fpv4-sp/hard/crt0.o (exit)
c:/st/stm32cubeide_1.4.0/stm32cubeide/plugins/com.st.stm32cube.ide.mcu.externaltools.gnu-tools-for-stm32.7-2018-q2-update.win32_1.5.0.202011040924/tools/bin/../lib/gcc/arm-none-eabi/7.3.1/../../../../arm-none-eabi/lib/thumb/v7e-m/fpv4-sp/hard\libc_nano.a(lib_a-impure.o)
                              c:/st/stm32cubeide_1.4.0/stm32cubeide/plugins/com.st.stm32cube.ide.mcu.externaltools.gnu-tools-for-stm32.7-2018-q2-update.win32_1.5.0.202011040924/tools/bin/../lib/gcc/arm-none-eabi/7.3.1/../../../../arm-none-eabi/lib/thumb/v7e-m/fpv4-sp/hard\libc_nano.a(lib_a-exit.o) (_global_impure_ptr)
c:/st/stm32cubeide_1.4.0/stm32cubeide/plugins/com.st.stm32cube.ide.mcu.externaltools.gnu-tools-for-stm32.7-2018-q2-update.win32_1.5.0.202011040924/tools/bin/../lib/gcc/arm-none-eabi/7.3.1/../../../../arm-none-eabi/lib/thumb/v7e-m/fpv4-sp/hard\libc_nano.a(lib_a-init.o)
                              c:/st/stm32cubeide_1.4.0/stm32cubeide/plugins/com.st.stm32cube.ide.mcu.externaltools.gnu-tools-for-stm32.7-2018-q2-update.win32_1.5.0.202011040924/tools/bin/../lib/gcc/arm-none-eabi/7.3.1/../../../../arm-none-eabi/lib/thumb/v7e-m/fpv4-sp/hard/crt0.o (__libc_init_array)
c:/st/stm32cubeide_1.4.0/stm32cubeide/plugins/com.st.stm32cube.ide.mcu.externaltools.gnu-tools-for-stm32.7-2018-q2-update.win32_1.5.0.202011040924/tools/bin/../lib/gcc/arm-none-eabi/7.3.1/../../../../arm-none-eabi/lib/thumb/v7e-m/fpv4-sp/hard\libc_nano.a(lib_a-memset.o)
                              c:/st/stm32cubeide_1.4.0/stm32cubeide/plugins/com.st.stm32cube.ide.mcu.externaltools.gnu-tools-for-stm32.7-2018-q2-update.win32_1.5.0.202011040924/tools/bin/../lib/gcc/arm-none-eabi/7.3.1/../../../../arm-none-eabi/lib/thumb/v7e-m/fpv4-sp/hard/crt0.o (memset)
c:/st/stm32cubeide_1.4.0/stm32cubeide/plugins/com.st.stm32cube.ide.mcu.externaltools.gnu-tools-for-stm32.7-2018-q2-update.win32_1.5.0.202011040924/tools/bin/../lib/gcc/arm-none-eabi/7.3.1/../../../../arm-none-eabi/lib/thumb/v7e-m/fpv4-sp/hard\libc_nano.a(lib_a-sprintf.o)
                              Core/Src/stm32f4xx_it.o (sprintf)
c:/st/stm32cubeide_1.4.0/stm32cubeide/plugins/com.st.stm32cube.ide.mcu.externaltools.gnu-tools-for-stm32.7-2018-q2-update.win32_1.5.0.202011040924/tools/bin/../lib/gcc/arm-none-eabi/7.3.1/../../../../arm-none-eabi/lib/thumb/v7e-m/fpv4-sp/hard\libc_nano.a(lib_a-strlen.o)
                              Core/Src/trace.o (strlen)
c:/st/stm32cubeide_1.4.0/stm32cubeide/plugins/com.st.stm32cube.ide.mcu.externaltools.gnu-tools-for-stm32.7-2018-q2-update.win32_1.5.0.202011040924/tools/bin/../lib/gcc/arm-none-eabi/7.3.1/../../../../arm-none-eabi/lib/thumb/v7e-m/fpv4-sp/hard\libc_nano.a(lib_a-nano-svfprintf.o)
                              c:/st/stm32cubeide_1.4.0/stm32cubeide/plugins/com.st.stm32cube.ide.mcu.externaltools.gnu-tools-for-stm32.7-2018-q2-update.win32_1.5.0.202011040924/tools/bin/../lib/gcc/arm-none-eabi/7.3.1/../../../../arm-none-eabi/lib/thumb/v7e-m/fpv4-sp/hard\libc_nano.a(lib_a-sprintf.o) (_svfprintf_r)
c:/st/stm32cubeide_1.4.0/stm32cubeide/plugins/com.st.stm32cube.ide.mcu.externaltools.gnu-tools-for-stm32.7-2018-q2-update.win32_1.5.0.202011040924/tools/bin/../lib/gcc/arm-none-eabi/7.3.1/../../../../arm-none-eabi/lib/thumb/v7e-m/fpv4-sp/hard\libc_nano.a(lib_a-nano-vfprintf_i.o)
                              c:/st/stm32cubeide_1.4.0/stm32cubeide/plugins/com.st.stm32cube.ide.mcu.externaltools.gnu-tools-for-stm32.7-2018-q2-update.win32_1.5.0.202011040924/tools/bin/../lib/gcc/arm-none-eabi/7.3.1/../../../../arm-none-eabi/lib/thumb/v7e-m/fpv4-sp/hard\libc_nano.a(lib_a-nano-svfprintf.o) (_printf_i)
c:/st/stm32cubeide_1.4.0/stm32cubeide/plugins/com.st.stm32cube.ide.mcu.externaltools.gnu-tools-for-stm32.7-2018-q2-update.win32_1.5.0.202011040924/tools/bin/../lib/gcc/arm-none-eabi/7.3.1/../../../../arm-none-eabi/lib/thumb/v7e-m/fpv4-sp/hard\libc_nano.a(lib_a-memchr.o)
[...]
Memory Configuration

Name             Origin             Length             Attributes
CCMRAM           0x0000000010000000 0x0000000000010000 xrw
RAM              0x000000002000d000 0x0000000000013000 xrw
FLASH            0x0000000008000000 0x0000000000100000 xr
*default*        0x0000000000000000 0xffffffffffffffff

Linker script and memory map

LOAD c:/st/stm32cubeide_1.4.0/stm32cubeide/plugins/com.st.stm32cube.ide.mcu.externaltools.gnu-tools-for-stm32.7-2018-q2-update.win32_1.5.0.202011040924/tools/bin/../lib/gcc/arm-none-eabi/7.3.1/thumb/v7e-m/fpv4-sp/hard/crti.o
LOAD c:/st/stm32cubeide_1.4.0/stm32cubeide/plugins/com.st.stm32cube.ide.mcu.externaltools.gnu-tools-for-stm32.7-2018-q2-update.win32_1.5.0.202011040924/tools/bin/../lib/gcc/arm-none-eabi/7.3.1/thumb/v7e-m/fpv4-sp/hard/crtbegin.o
LOAD c:/st/stm32cubeide_1.4.0/stm32cubeide/plugins/com.st.stm32cube.ide.mcu.externaltools.gnu-tools-for-stm32.7-2018-q2-update.win32_1.5.0.202011040924/tools/bin/../lib/gcc/arm-none-eabi/7.3.1/../../../../arm-none-eabi/lib/thumb/v7e-m/fpv4-sp/hard/crt0.o
LOAD Core/Src/crc32.o
LOAD Core/Src/dma.o
LOAD Core/Src/gpio.o
LOAD Core/Src/iwdg.o
LOAD Core/Src/main.o
LOAD Core/Src/stm32f4xx_hal_msp.o
LOAD Core/Src/stm32f4xx_it.o
LOAD Core/Src/syscalls.o
LOAD Core/Src/sysmem.o
LOAD Core/Src/system_stm32f4xx.o
LOAD Core/Src/tim.o
LOAD Core/Src/trace.o
LOAD Core/Src/usart.o
LOAD Core/Startup/startup_stm32f407vgtx.o
LOAD Drivers/STM32F4xx_HAL_Driver/Src/stm32f4xx_hal.o
LOAD Drivers/STM32F4xx_HAL_Driver/Src/stm32f4xx_hal_cortex.o
LOAD Drivers/STM32F4xx_HAL_Driver/Src/stm32f4xx_hal_dma.o
LOAD Drivers/STM32F4xx_HAL_Driver/Src/stm32f4xx_hal_dma_ex.o
LOAD Drivers/STM32F4xx_HAL_Driver/Src/stm32f4xx_hal_exti.o
LOAD Drivers/STM32F4xx_HAL_Driver/Src/stm32f4xx_hal_flash.o
LOAD Drivers/STM32F4xx_HAL_Driver/Src/stm32f4xx_hal_flash_ex.o
LOAD Drivers/STM32F4xx_HAL_Driver/Src/stm32f4xx_hal_flash_ramfunc.o
LOAD Drivers/STM32F4xx_HAL_Driver/Src/stm32f4xx_hal_gpio.o
LOAD Drivers/STM32F4xx_HAL_Driver/Src/stm32f4xx_hal_iwdg.o
LOAD Drivers/STM32F4xx_HAL_Driver/Src/stm32f4xx_hal_pwr.o
LOAD Drivers/STM32F4xx_HAL_Driver/Src/stm32f4xx_hal_pwr_ex.o
LOAD Drivers/STM32F4xx_HAL_Driver/Src/stm32f4xx_hal_rcc.o
LOAD Drivers/STM32F4xx_HAL_Driver/Src/stm32f4xx_hal_rcc_ex.o
LOAD Drivers/STM32F4xx_HAL_Driver/Src/stm32f4xx_hal_tim.o
LOAD Drivers/STM32F4xx_HAL_Driver/Src/stm32f4xx_hal_tim_ex.o
LOAD Drivers/STM32F4xx_HAL_Driver/Src/stm32f4xx_hal_uart.o
START GROUP
LOAD c:/st/stm32cubeide_1.4.0/stm32cubeide/plugins/com.st.stm32cube.ide.mcu.externaltools.gnu-tools-for-stm32.7-2018-q2-update.win32_1.5.0.202011040924/tools/bin/../lib/gcc/arm-none-eabi/7.3.1/../../../../arm-none-eabi/lib/thumb/v7e-m/fpv4-sp/hard\libc_nano.a
LOAD c:/st/stm32cubeide_1.4.0/stm32cubeide/plugins/com.st.stm32cube.ide.mcu.externaltools.gnu-tools-for-stm32.7-2018-q2-update.win32_1.5.0.202011040924/tools/bin/../lib/gcc/arm-none-eabi/7.3.1/../../../../arm-none-eabi/lib/thumb/v7e-m/fpv4-sp/hard\libm.a
END GROUP
START GROUP
LOAD c:/st/stm32cubeide_1.4.0/stm32cubeide/plugins/com.st.stm32cube.ide.mcu.externaltools.gnu-tools-for-stm32.7-2018-q2-update.win32_1.5.0.202011040924/tools/bin/../lib/gcc/arm-none-eabi/7.3.1/thumb/v7e-m/fpv4-sp/hard\libgcc.a
LOAD c:/st/stm32cubeide_1.4.0/stm32cubeide/plugins/com.st.stm32cube.ide.mcu.externaltools.gnu-tools-for-stm32.7-2018-q2-update.win32_1.5.0.202011040924/tools/bin/../lib/gcc/arm-none-eabi/7.3.1/../../../../arm-none-eabi/lib/thumb/v7e-m/fpv4-sp/hard\libc_nano.a
END GROUP
START GROUP
LOAD c:/st/stm32cubeide_1.4.0/stm32cubeide/plugins/com.st.stm32cube.ide.mcu.externaltools.gnu-tools-for-stm32.7-2018-q2-update.win32_1.5.0.202011040924/tools/bin/../lib/gcc/arm-none-eabi/7.3.1/thumb/v7e-m/fpv4-sp/hard\libgcc.a
LOAD c:/st/stm32cubeide_1.4.0/stm32cubeide/plugins/com.st.stm32cube.ide.mcu.externaltools.gnu-tools-for-stm32.7-2018-q2-update.win32_1.5.0.202011040924/tools/bin/../lib/gcc/arm-none-eabi/7.3.1/../../../../arm-none-eabi/lib/thumb/v7e-m/fpv4-sp/hard\libc_nano.a
LOAD c:/st/stm32cubeide_1.4.0/stm32cubeide/plugins/com.st.stm32cube.ide.mcu.externaltools.gnu-tools-for-stm32.7-2018-q2-update.win32_1.5.0.202011040924/tools/bin/../lib/gcc/arm-none-eabi/7.3.1/../../../../arm-none-eabi/lib/thumb/v7e-m/fpv4-sp/hard\libnosys.a
END GROUP
START GROUP
LOAD c:/st/stm32cubeide_1.4.0/stm32cubeide/plugins/com.st.stm32cube.ide.mcu.externaltools.gnu-tools-for-stm32.7-2018-q2-update.win32_1.5.0.202011040924/tools/bin/../lib/gcc/arm-none-eabi/7.3.1/thumb/v7e-m/fpv4-sp/hard\libgcc.a
LOAD c:/st/stm32cubeide_1.4.0/stm32cubeide/plugins/com.st.stm32cube.ide.mcu.externaltools.gnu-tools-for-stm32.7-2018-q2-update.win32_1.5.0.202011040924/tools/bin/../lib/gcc/arm-none-eabi/7.3.1/../../../../arm-none-eabi/lib/thumb/v7e-m/fpv4-sp/hard\libc_nano.a
LOAD c:/st/stm32cubeide_1.4.0/stm32cubeide/plugins/com.st.stm32cube.ide.mcu.externaltools.gnu-tools-for-stm32.7-2018-q2-update.win32_1.5.0.202011040924/tools/bin/../lib/gcc/arm-none-eabi/7.3.1/../../../../arm-none-eabi/lib/thumb/v7e-m/fpv4-sp/hard\libnosys.a
END GROUP
LOAD c:/st/stm32cubeide_1.4.0/stm32cubeide/plugins/com.st.stm32cube.ide.mcu.externaltools.gnu-tools-for-stm32.7-2018-q2-update.win32_1.5.0.202011040924/tools/bin/../lib/gcc/arm-none-eabi/7.3.1/thumb/v7e-m/fpv4-sp/hard/crtend.o
LOAD c:/st/stm32cubeide_1.4.0/stm32cubeide/plugins/com.st.stm32cube.ide.mcu.externaltools.gnu-tools-for-stm32.7-2018-q2-update.win32_1.5.0.202011040924/tools/bin/../lib/gcc/arm-none-eabi/7.3.1/thumb/v7e-m/fpv4-sp/hard/crtn.o
                0x0000000020020000                _estack = (ORIGIN (RAM) + LENGTH (RAM))
                0x0000000000000200                _Min_Heap_Size = 0x200
                0x0000000000000400                _Min_Stack_Size = 0x400

.isr_vector     0x000000002000d000      0x188
                0x000000002000d000                . = ALIGN (0x4)
 *(.isr_vector)
 .isr_vector    0x000000002000d000      0x188 Core/Startup/startup_stm32f407vgtx.o
                0x000000002000d000                g_pfnVectors
                0x000000002000d188                . = ALIGN (0x4)

.text           0x000000002000d190     0x41dc
                0x000000002000d190                . = ALIGN (0x4)
 *(.text)
 .text          0x000000002000d190       0x40 c:/st/stm32cubeide_1.4.0/stm32cubeide/plugins/com.st.stm32cube.ide.mcu.externaltools.gnu-tools-for-stm32.7-2018-q2-update.win32_1.5.0.202011040924/tools/bin/../lib/gcc/arm-none-eabi/7.3.1/thumb/v7e-m/fpv4-sp/hard/crtbegin.o
 .text          0x000000002000d1d0       0x10 c:/st/stm32cubeide_1.4.0/stm32cubeide/plugins/com.st.stm32cube.ide.mcu.externaltools.gnu-tools-for-stm32.7-2018-q2-update.win32_1.5.0.202011040924/tools/bin/../lib/gcc/arm-none-eabi/7.3.1/../../../../arm-none-eabi/lib/thumb/v7e-m/fpv4-sp/hard\libc_nano.a(lib_a-strlen.o)
                0x000000002000d1d0                strlen
 .text          0x000000002000d1e0       0xa0 c:/st/stm32cubeide_1.4.0/stm32cubeide/plugins/com.st.stm32cube.ide.mcu.externaltools.gnu-tools-for-stm32.7-2018-q2-update.win32_1.5.0.202011040924/tools/bin/../lib/gcc/arm-none-eabi/7.3.1/../../../../arm-none-eabi/lib/thumb/v7e-m/fpv4-sp/hard\libc_nano.a(lib_a-memchr.o)
                0x000000002000d1e0                memchr
 .text          0x000000002000d280       0x30 c:/st/stm32cubeide_1.4.0/stm32cubeide/plugins/com.st.stm32cube.ide.mcu.externaltools.gnu-tools-for-stm32.7-2018-q2-update.win32_1.5.0.202011040924/tools/bin/../lib/gcc/arm-none-eabi/7.3.1/thumb/v7e-m/fpv4-sp/hard\libgcc.a(_aeabi_uldivmod.o)
                0x000000002000d280                __aeabi_uldivmod
 .text          0x000000002000d2b0      0x2cc c:/st/stm32cubeide_1.4.0/stm32cubeide/plugins/com.st.stm32cube.ide.mcu.externaltools.gnu-tools-for-stm32.7-2018-q2-update.win32_1.5.0.202011040924/tools/bin/../lib/gcc/arm-none-eabi/7.3.1/thumb/v7e-m/fpv4-sp/hard\libgcc.a(_udivmoddi4.o)
                0x000000002000d2b0                __udivmoddi4
 .text          0x000000002000d57c        0x4 c:/st/stm32cubeide_1.4.0/stm32cubeide/plugins/com.st.stm32cube.ide.mcu.externaltools.gnu-tools-for-stm32.7-2018-q2-update.win32_1.5.0.202011040924/tools/bin/../lib/gcc/arm-none-eabi/7.3.1/thumb/v7e-m/fpv4-sp/hard\libgcc.a(_dvmd_tls.o)
                0x000000002000d57c                __aeabi_idiv0
                0x000000002000d57c                __aeabi_ldiv0
 *(.text*)
 .text.crc32stream
                0x000000002000d580       0x38 Core/Src/crc32.o
                0x000000002000d580                crc32stream
 .text.crc32    0x000000002000d5b8       0x3c Core/Src/crc32.o
                0x000000002000d5b8                crc32
 .text.MX_DMA_Init
                0x000000002000d5f4       0x50 Core/Src/dma.o
                0x000000002000d5f4                MX_DMA_Init
 .text.MX_GPIO_Init
                0x000000002000d644       0xc0 Core/Src/gpio.o
                0x000000002000d644                MX_GPIO_Init
 .text.MX_IWDG_Init
                0x000000002000d704       0x34 Core/Src/iwdg.o
                0x000000002000d704                MX_IWDG_Init
 .text.HAL_UART_RxCpltCallback
                0x000000002000d738       0x60 Core/Src/main.o
                0x000000002000d738                HAL_UART_RxCpltCallback
 .text.main     0x000000002000d798       0x5c Core/Src/main.o
                0x000000002000d798                main
 .text.SystemClock_Config
                0x000000002000d7f4       0xd8 Core/Src/main.o
                0x000000002000d7f4                SystemClock_Config
 .text.Error_Handler
                0x000000002000d8cc        0xe Core/Src/main.o
                0x000000002000d8cc                Error_Handler
 *fill*         0x000000002000d8da        0x2 
 .text.HAL_MspInit
                0x000000002000d8dc       0x50 Core/Src/stm32f4xx_hal_msp.o
                0x000000002000d8dc                HAL_MspInit
 .text.NMI_Handler
                0x000000002000d92c        0xe Core/Src/stm32f4xx_it.o
                0x000000002000d92c                NMI_Handler
 .text.HardFault_Handler
                0x000000002000d93a        0x6 Core/Src/stm32f4xx_it.o
                0x000000002000d93a                HardFault_Handler
 .text.MemManage_Handler
                0x000000002000d940        0x6 Core/Src/stm32f4xx_it.o
                0x000000002000d940                MemManage_Handler
 .text.BusFault_Handler
                0x000000002000d946        0x6 Core/Src/stm32f4xx_it.o
                0x000000002000d946                BusFault_Handler
 .text.UsageFault_Handler
                0x000000002000d94c        0x6 Core/Src/stm32f4xx_it.o
                0x000000002000d94c                UsageFault_Handler
 .text.SVC_Handler
                0x000000002000d952        0xe Core/Src/stm32f4xx_it.o
                0x000000002000d952                SVC_Handler
 .text.DebugMon_Handler
                0x000000002000d960        0xe Core/Src/stm32f4xx_it.o
                0x000000002000d960                DebugMon_Handler
 .text.PendSV_Handler
                0x000000002000d96e        0xe Core/Src/stm32f4xx_it.o
                0x000000002000d96e                PendSV_Handler
 .text.SysTick_Handler
                0x000000002000d97c        0xc Core/Src/stm32f4xx_it.o
                0x000000002000d97c                SysTick_Handler
 .text.DMA1_Stream1_IRQHandler
                0x000000002000d988       0x14 Core/Src/stm32f4xx_it.o
                0x000000002000d988                DMA1_Stream1_IRQHandler
 .text.DMA1_Stream6_IRQHandler
                0x000000002000d99c       0x14 Core/Src/stm32f4xx_it.o
                0x000000002000d99c                DMA1_Stream6_IRQHandler
 .text.TIM1_UP_TIM10_IRQHandler
                0x000000002000d9b0       0x78 Core/Src/stm32f4xx_it.o
                0x000000002000d9b0                TIM1_UP_TIM10_IRQHandler
 .text.USART3_IRQHandler
                0x000000002000da28       0x14 Core/Src/stm32f4xx_it.o
                0x000000002000da28                USART3_IRQHandler
 .text._sbrk    0x000000002000da3c       0x6c Core/Src/sysmem.o
                0x000000002000da3c                _sbrk
 .text.SystemInit
                0x000000002000daa8       0x2c Core/Src/system_stm32f4xx.o
                0x000000002000daa8                SystemInit
 .text.MX_TIM10_Init
                0x000000002000dad4       0x48 Core/Src/tim.o
                0x000000002000dad4                MX_TIM10_Init
 .text.HAL_TIM_Base_MspInit
                0x000000002000db1c       0x50 Core/Src/tim.o
                0x000000002000db1c                HAL_TIM_Base_MspInit
 .text.MX_TRACE_Init
                0x000000002000db6c       0x44 Core/Src/trace.o
                0x000000002000db6c                MX_TRACE_Init
 .text.SDK_TRACE_Start
                0x000000002000dbb0       0x20 Core/Src/trace.o
                0x000000002000dbb0                SDK_TRACE_Start
 .text.SDK_TRACE_Stop
                0x000000002000dbd0       0x50 Core/Src/trace.o
                0x000000002000dbd0                SDK_TRACE_Stop
 .text.SDK_TRACE_Timestamp
                0x000000002000dc20       0xa4 Core/Src/trace.o
                0x000000002000dc20                SDK_TRACE_Timestamp
 .text.SDK_TRACE_Print
                0x000000002000dcc4       0xac Core/Src/trace.o
                0x000000002000dcc4                SDK_TRACE_Print
 .text.MX_USART2_UART_Init
                0x000000002000dd70       0x54 Core/Src/usart.o
                0x000000002000dd70                MX_USART2_UART_Init
 .text.MX_USART3_UART_Init
                0x000000002000ddc4       0x54 Core/Src/usart.o
                0x000000002000ddc4                MX_USART3_UART_Init
 .text.HAL_UART_MspInit
                0x000000002000de18      0x1d4 Core/Src/usart.o
                0x000000002000de18                HAL_UART_MspInit
 .text.Reset_Handler
                0x000000002000dfec       0x50 Core/Startup/startup_stm32f407vgtx.o
                0x000000002000dfec                Reset_Handler
 .text.Default_Handler
                0x000000002000e03c        0x2 Core/Startup/startup_stm32f407vgtx.o
                0x000000002000e03c                RTC_Alarm_IRQHandler
                0x000000002000e03c                HASH_RNG_IRQHandler
                0x000000002000e03c                EXTI2_IRQHandler
                0x000000002000e03c                TIM8_CC_IRQHandler
                0x000000002000e03c                TIM1_CC_IRQHandler
                0x000000002000e03c                DMA2_Stream5_IRQHandler
                0x000000002000e03c                DMA1_Stream5_IRQHandler
                0x000000002000e03c                PVD_IRQHandler
                0x000000002000e03c                SDIO_IRQHandler
                0x000000002000e03c                TAMP_STAMP_IRQHandler
                0x000000002000e03c                CAN2_RX1_IRQHandler
                0x000000002000e03c                EXTI3_IRQHandler
                0x000000002000e03c                TIM8_TRG_COM_TIM14_IRQHandler
                0x000000002000e03c                TIM8_UP_TIM13_IRQHandler
                0x000000002000e03c                I2C3_ER_IRQHandler
                0x000000002000e03c                EXTI0_IRQHandler
                0x000000002000e03c                I2C2_EV_IRQHandler
                0x000000002000e03c                DMA1_Stream2_IRQHandler
                0x000000002000e03c                CAN1_RX0_IRQHandler
                0x000000002000e03c                FPU_IRQHandler
                0x000000002000e03c                OTG_HS_WKUP_IRQHandler
                0x000000002000e03c                CAN2_SCE_IRQHandler
                0x000000002000e03c                DMA2_Stream2_IRQHandler
                0x000000002000e03c                SPI1_IRQHandler
                0x000000002000e03c                TIM6_DAC_IRQHandler
                0x000000002000e03c                TIM1_BRK_TIM9_IRQHandler
                0x000000002000e03c                DCMI_IRQHandler
                0x000000002000e03c                CAN2_RX0_IRQHandler
                0x000000002000e03c                DMA2_Stream3_IRQHandler
                0x000000002000e03c                USART6_IRQHandler
                0x000000002000e03c                CAN1_RX1_IRQHandler
                0x000000002000e03c                UART5_IRQHandler
                0x000000002000e03c                DMA2_Stream0_IRQHandler
                0x000000002000e03c                TIM4_IRQHandler
                0x000000002000e03c                I2C1_EV_IRQHandler
                0x000000002000e03c                UART4_IRQHandler
                0x000000002000e03c                TIM3_IRQHandler
                0x000000002000e03c                RCC_IRQHandler
                0x000000002000e03c                TIM8_BRK_TIM12_IRQHandler
                0x000000002000e03c                Default_Handler
                0x000000002000e03c                EXTI15_10_IRQHandler
                0x000000002000e03c                ADC_IRQHandler
                0x000000002000e03c                DMA1_Stream7_IRQHandler
                0x000000002000e03c                TIM7_IRQHandler
                0x000000002000e03c                CAN2_TX_IRQHandler
                0x000000002000e03c                TIM5_IRQHandler
                0x000000002000e03c                DMA2_Stream7_IRQHandler
                0x000000002000e03c                I2C3_EV_IRQHandler
                0x000000002000e03c                EXTI9_5_IRQHandler
                0x000000002000e03c                RTC_WKUP_IRQHandler
                0x000000002000e03c                ETH_WKUP_IRQHandler
                0x000000002000e03c                SPI2_IRQHandler
                0x000000002000e03c                OTG_HS_EP1_IN_IRQHandler
                0x000000002000e03c                DMA1_Stream0_IRQHandler
                0x000000002000e03c                CAN1_TX_IRQHandler
                0x000000002000e03c                EXTI4_IRQHandler
                0x000000002000e03c                FSMC_IRQHandler
                0x000000002000e03c                ETH_IRQHandler
                0x000000002000e03c                OTG_HS_EP1_OUT_IRQHandler
                0x000000002000e03c                WWDG_IRQHandler
                0x000000002000e03c                TIM2_IRQHandler
                0x000000002000e03c                OTG_FS_WKUP_IRQHandler
                0x000000002000e03c                TIM1_TRG_COM_TIM11_IRQHandler
                0x000000002000e03c                OTG_HS_IRQHandler
                0x000000002000e03c                EXTI1_IRQHandler
                0x000000002000e03c                USART2_IRQHandler
                0x000000002000e03c                I2C2_ER_IRQHandler
                0x000000002000e03c                DMA2_Stream1_IRQHandler
                0x000000002000e03c                CAN1_SCE_IRQHandler
                0x000000002000e03c                FLASH_IRQHandler
                0x000000002000e03c                DMA2_Stream4_IRQHandler
                0x000000002000e03c                USART1_IRQHandler
                0x000000002000e03c                OTG_FS_IRQHandler
                0x000000002000e03c                SPI3_IRQHandler
                0x000000002000e03c                DMA1_Stream4_IRQHandler
                0x000000002000e03c                I2C1_ER_IRQHandler
                0x000000002000e03c                DMA2_Stream6_IRQHandler
                0x000000002000e03c                DMA1_Stream3_IRQHandler
 *fill*         0x000000002000e03e        0x2 
 .text.HAL_Init
                0x000000002000e040       0x44 Drivers/STM32F4xx_HAL_Driver/Src/stm32f4xx_hal.o
                0x000000002000e040                HAL_Init
 .text.HAL_InitTick
                0x000000002000e084       0x60 Drivers/STM32F4xx_HAL_Driver/Src/stm32f4xx_hal.o
                0x000000002000e084                HAL_InitTick
 .text.HAL_IncTick
                0x000000002000e0e4       0x28 Drivers/STM32F4xx_HAL_Driver/Src/stm32f4xx_hal.o
                0x000000002000e0e4                HAL_IncTick
 .text.HAL_GetTick
                0x000000002000e10c       0x18 Drivers/STM32F4xx_HAL_Driver/Src/stm32f4xx_hal.o
                0x000000002000e10c                HAL_GetTick
 .text.__NVIC_SetPriorityGrouping
                0x000000002000e124       0x48 Drivers/STM32F4xx_HAL_Driver/Src/stm32f4xx_hal_cortex.o
 .text.__NVIC_GetPriorityGrouping
                0x000000002000e16c       0x1c Drivers/STM32F4xx_HAL_Driver/Src/stm32f4xx_hal_cortex.o
 .text.__NVIC_EnableIRQ
                0x000000002000e188       0x3c Drivers/STM32F4xx_HAL_Driver/Src/stm32f4xx_hal_cortex.o
 .text.__NVIC_SetPriority
                0x000000002000e1c4       0x54 Drivers/STM32F4xx_HAL_Driver/Src/stm32f4xx_hal_cortex.o
 .text.NVIC_EncodePriority
                0x000000002000e218       0x66 Drivers/STM32F4xx_HAL_Driver/Src/stm32f4xx_hal_cortex.o
 *fill*         0x000000002000e27e        0x2 
 .text.SysTick_Config
                0x000000002000e280       0x44 Drivers/STM32F4xx_HAL_Driver/Src/stm32f4xx_hal_cortex.o
 .text.HAL_NVIC_SetPriorityGrouping
                0x000000002000e2c4       0x16 Drivers/STM32F4xx_HAL_Driver/Src/stm32f4xx_hal_cortex.o
                0x000000002000e2c4                HAL_NVIC_SetPriorityGrouping
 .text.HAL_NVIC_SetPriority
                0x000000002000e2da       0x38 Drivers/STM32F4xx_HAL_Driver/Src/stm32f4xx_hal_cortex.o
                0x000000002000e2da                HAL_NVIC_SetPriority
 .text.HAL_NVIC_EnableIRQ
                0x000000002000e312       0x1c Drivers/STM32F4xx_HAL_Driver/Src/stm32f4xx_hal_cortex.o
                0x000000002000e312                HAL_NVIC_EnableIRQ
 .text.HAL_SYSTICK_Config
                0x000000002000e32e       0x18 Drivers/STM32F4xx_HAL_Driver/Src/stm32f4xx_hal_cortex.o
                0x000000002000e32e                HAL_SYSTICK_Config
 *fill*         0x000000002000e346        0x2 
 .text.HAL_DMA_Init
                0x000000002000e348      0x15c Drivers/STM32F4xx_HAL_Driver/Src/stm32f4xx_hal_dma.o
                0x000000002000e348                HAL_DMA_Init
 .text.HAL_DMA_Start_IT
                0x000000002000e4a4       0xb0 Drivers/STM32F4xx_HAL_Driver/Src/stm32f4xx_hal_dma.o
                0x000000002000e4a4                HAL_DMA_Start_IT
 .text.HAL_DMA_Abort_IT
                0x000000002000e554       0x44 Drivers/STM32F4xx_HAL_Driver/Src/stm32f4xx_hal_dma.o
                0x000000002000e554                HAL_DMA_Abort_IT
 .text.HAL_DMA_IRQHandler
                0x000000002000e598      0x314 Drivers/STM32F4xx_HAL_Driver/Src/stm32f4xx_hal_dma.o
                0x000000002000e598                HAL_DMA_IRQHandler
 .text.DMA_SetConfig
                0x000000002000e8ac       0x5c Drivers/STM32F4xx_HAL_Driver/Src/stm32f4xx_hal_dma.o
 .text.DMA_CalcBaseAndBitshift
                0x000000002000e908       0x6c Drivers/STM32F4xx_HAL_Driver/Src/stm32f4xx_hal_dma.o
 .text.DMA_CheckFifoParam
                0x000000002000e974       0xf4 Drivers/STM32F4xx_HAL_Driver/Src/stm32f4xx_hal_dma.o
 .text.HAL_GPIO_Init
                0x000000002000ea68      0x334 Drivers/STM32F4xx_HAL_Driver/Src/stm32f4xx_hal_gpio.o
                0x000000002000ea68                HAL_GPIO_Init
 .text.HAL_GPIO_WritePin
                0x000000002000ed9c       0x32 Drivers/STM32F4xx_HAL_Driver/Src/stm32f4xx_hal_gpio.o
                0x000000002000ed9c                HAL_GPIO_WritePin
 .text.HAL_IWDG_Init
                0x000000002000edce       0x72 Drivers/STM32F4xx_HAL_Driver/Src/stm32f4xx_hal_iwdg.o
                0x000000002000edce                HAL_IWDG_Init
 .text.HAL_RCC_OscConfig
                0x000000002000ee40      0x4e0 Drivers/STM32F4xx_HAL_Driver/Src/stm32f4xx_hal_rcc.o
                0x000000002000ee40                HAL_RCC_OscConfig
 .text.HAL_RCC_ClockConfig
                0x000000002000f320      0x1cc Drivers/STM32F4xx_HAL_Driver/Src/stm32f4xx_hal_rcc.o
                0x000000002000f320                HAL_RCC_ClockConfig
 .text.HAL_RCC_GetSysClockFreq
                0x000000002000f4ec      0x164 Drivers/STM32F4xx_HAL_Driver/Src/stm32f4xx_hal_rcc.o
                0x000000002000f4ec                HAL_RCC_GetSysClockFreq
 .text.HAL_RCC_GetHCLKFreq
                0x000000002000f650       0x18 Drivers/STM32F4xx_HAL_Driver/Src/stm32f4xx_hal_rcc.o
                0x000000002000f650                HAL_RCC_GetHCLKFreq
 .text.HAL_RCC_GetPCLK1Freq
                0x000000002000f668       0x28 Drivers/STM32F4xx_HAL_Driver/Src/stm32f4xx_hal_rcc.o
                0x000000002000f668                HAL_RCC_GetPCLK1Freq
 .text.HAL_RCC_GetPCLK2Freq
                0x000000002000f690       0x28 Drivers/STM32F4xx_HAL_Driver/Src/stm32f4xx_hal_rcc.o
                0x000000002000f690                HAL_RCC_GetPCLK2Freq
 .text.HAL_TIM_Base_Init
                0x000000002000f6b8       0x56 Drivers/STM32F4xx_HAL_Driver/Src/stm32f4xx_hal_tim.o
                0x000000002000f6b8                HAL_TIM_Base_Init
 .text.HAL_TIM_Base_Start_IT
                0x000000002000f70e       0x48 Drivers/STM32F4xx_HAL_Driver/Src/stm32f4xx_hal_tim.o
                0x000000002000f70e                HAL_TIM_Base_Start_IT
 .text.HAL_TIM_IRQHandler
                0x000000002000f756      0x210 Drivers/STM32F4xx_HAL_Driver/Src/stm32f4xx_hal_tim.o
                0x000000002000f756                HAL_TIM_IRQHandler
 .text.HAL_TIM_PeriodElapsedCallback
                0x000000002000f966       0x14 Drivers/STM32F4xx_HAL_Driver/Src/stm32f4xx_hal_tim.o
                0x000000002000f966                HAL_TIM_PeriodElapsedCallback
 .text.HAL_TIM_OC_DelayElapsedCallback
                0x000000002000f97a       0x14 Drivers/STM32F4xx_HAL_Driver/Src/stm32f4xx_hal_tim.o
                0x000000002000f97a                HAL_TIM_OC_DelayElapsedCallback
 .text.HAL_TIM_IC_CaptureCallback
                0x000000002000f98e       0x14 Drivers/STM32F4xx_HAL_Driver/Src/stm32f4xx_hal_tim.o
                0x000000002000f98e                HAL_TIM_IC_CaptureCallback
 .text.HAL_TIM_PWM_PulseFinishedCallback
                0x000000002000f9a2       0x14 Drivers/STM32F4xx_HAL_Driver/Src/stm32f4xx_hal_tim.o
                0x000000002000f9a2                HAL_TIM_PWM_PulseFinishedCallback
 .text.HAL_TIM_TriggerCallback
                0x000000002000f9b6       0x14 Drivers/STM32F4xx_HAL_Driver/Src/stm32f4xx_hal_tim.o
                0x000000002000f9b6                HAL_TIM_TriggerCallback
 *fill*         0x000000002000f9ca        0x2 
 .text.TIM_Base_SetConfig
                0x000000002000f9cc      0x140 Drivers/STM32F4xx_HAL_Driver/Src/stm32f4xx_hal_tim.o
                0x000000002000f9cc                TIM_Base_SetConfig
 .text.HAL_TIMEx_CommutCallback
                0x000000002000fb0c       0x14 Drivers/STM32F4xx_HAL_Driver/Src/stm32f4xx_hal_tim_ex.o
                0x000000002000fb0c                HAL_TIMEx_CommutCallback
 .text.HAL_TIMEx_BreakCallback
                0x000000002000fb20       0x14 Drivers/STM32F4xx_HAL_Driver/Src/stm32f4xx_hal_tim_ex.o
                0x000000002000fb20                HAL_TIMEx_BreakCallback
 .text.HAL_UART_Init
                0x000000002000fb34       0x9a Drivers/STM32F4xx_HAL_Driver/Src/stm32f4xx_hal_uart.o
                0x000000002000fb34                HAL_UART_Init
 *fill*         0x000000002000fbce        0x2 
 .text.HAL_UART_Transmit_DMA
                0x000000002000fbd0       0xd8 Drivers/STM32F4xx_HAL_Driver/Src/stm32f4xx_hal_uart.o
                0x000000002000fbd0                HAL_UART_Transmit_DMA
 .text.HAL_UART_Receive_DMA
                0x000000002000fca8      0x100 Drivers/STM32F4xx_HAL_Driver/Src/stm32f4xx_hal_uart.o
                0x000000002000fca8                HAL_UART_Receive_DMA
 .text.HAL_UART_IRQHandler
                0x000000002000fda8      0x200 Drivers/STM32F4xx_HAL_Driver/Src/stm32f4xx_hal_uart.o
                0x000000002000fda8                HAL_UART_IRQHandler
 .text.HAL_UART_TxCpltCallback
                0x000000002000ffa8       0x14 Drivers/STM32F4xx_HAL_Driver/Src/stm32f4xx_hal_uart.o
                0x000000002000ffa8                HAL_UART_TxCpltCallback
 .text.HAL_UART_TxHalfCpltCallback
                0x000000002000ffbc       0x14 Drivers/STM32F4xx_HAL_Driver/Src/stm32f4xx_hal_uart.o
                0x000000002000ffbc                HAL_UART_TxHalfCpltCallback
 .text.HAL_UART_RxHalfCpltCallback
                0x000000002000ffd0       0x14 Drivers/STM32F4xx_HAL_Driver/Src/stm32f4xx_hal_uart.o
                0x000000002000ffd0                HAL_UART_RxHalfCpltCallback
 .text.HAL_UART_ErrorCallback
                0x000000002000ffe4       0x14 Drivers/STM32F4xx_HAL_Driver/Src/stm32f4xx_hal_uart.o
                0x000000002000ffe4                HAL_UART_ErrorCallback
 .text.UART_DMATransmitCplt
                0x000000002000fff8       0x52 Drivers/STM32F4xx_HAL_Driver/Src/stm32f4xx_hal_uart.o
 .text.UART_DMATxHalfCplt
                0x000000002001004a       0x1c Drivers/STM32F4xx_HAL_Driver/Src/stm32f4xx_hal_uart.o
 .text.UART_DMAReceiveCplt
                0x0000000020010066       0x68 Drivers/STM32F4xx_HAL_Driver/Src/stm32f4xx_hal_uart.o
 .text.UART_DMARxHalfCplt
                0x00000000200100ce       0x1c Drivers/STM32F4xx_HAL_Driver/Src/stm32f4xx_hal_uart.o
 .text.UART_DMAError
                0x00000000200100ea       0x94 Drivers/STM32F4xx_HAL_Driver/Src/stm32f4xx_hal_uart.o
 .text.UART_EndTxTransfer
                0x000000002001017e       0x2c Drivers/STM32F4xx_HAL_Driver/Src/stm32f4xx_hal_uart.o
 .text.UART_EndRxTransfer
                0x00000000200101aa       0x3c Drivers/STM32F4xx_HAL_Driver/Src/stm32f4xx_hal_uart.o
 .text.UART_DMAAbortOnError
                0x00000000200101e6       0x28 Drivers/STM32F4xx_HAL_Driver/Src/stm32f4xx_hal_uart.o
 .text.UART_Transmit_IT
                0x000000002001020e       0xac Drivers/STM32F4xx_HAL_Driver/Src/stm32f4xx_hal_uart.o
 .text.UART_EndTransmit_IT
                0x00000000200102ba       0x30 Drivers/STM32F4xx_HAL_Driver/Src/stm32f4xx_hal_uart.o
 .text.UART_Receive_IT
                0x00000000200102ea      0x102 Drivers/STM32F4xx_HAL_Driver/Src/stm32f4xx_hal_uart.o
 .text.UART_SetConfig
                0x00000000200103ec      0x6f8 Drivers/STM32F4xx_HAL_Driver/Src/stm32f4xx_hal_uart.o
 .text.__errno  0x0000000020010ae4        0xc c:/st/stm32cubeide_1.4.0/stm32cubeide/plugins/com.st.stm32cube.ide.mcu.externaltools.gnu-tools-for-stm32.7-2018-q2-update.win32_1.5.0.202011040924/tools/bin/../lib/gcc/arm-none-eabi/7.3.1/../../../../arm-none-eabi/lib/thumb/v7e-m/fpv4-sp/hard\libc_nano.a(lib_a-errno.o)
                0x0000000020010ae4                __errno
 .text.__libc_init_array
                0x0000000020010af0       0x48 c:/st/stm32cubeide_1.4.0/stm32cubeide/plugins/com.st.stm32cube.ide.mcu.externaltools.gnu-tools-for-stm32.7-2018-q2-update.win32_1.5.0.202011040924/tools/bin/../lib/gcc/arm-none-eabi/7.3.1/../../../../arm-none-eabi/lib/thumb/v7e-m/fpv4-sp/hard\libc_nano.a(lib_a-init.o)
                0x0000000020010af0                __libc_init_array
 .text.memset   0x0000000020010b38       0x10 c:/st/stm32cubeide_1.4.0/stm32cubeide/plugins/com.st.stm32cube.ide.mcu.externaltools.gnu-tools-for-stm32.7-2018-q2-update.win32_1.5.0.202011040924/tools/bin/../lib/gcc/arm-none-eabi/7.3.1/../../../../arm-none-eabi/lib/thumb/v7e-m/fpv4-sp/hard\libc_nano.a(lib_a-memset.o)
                0x0000000020010b38                memset
 .text.sprintf  0x0000000020010b48       0x40 c:/st/stm32cubeide_1.4.0/stm32cubeide/plugins/com.st.stm32cube.ide.mcu.externaltools.gnu-tools-for-stm32.7-2018-q2-update.win32_1.5.0.202011040924/tools/bin/../lib/gcc/arm-none-eabi/7.3.1/../../../../arm-none-eabi/lib/thumb/v7e-m/fpv4-sp/hard\libc_nano.a(lib_a-sprintf.o)
                0x0000000020010b48                siprintf
                0x0000000020010b48                sprintf
 .text.__ssputs_r
                0x0000000020010b88       0xb4 c:/st/stm32cubeide_1.4.0/stm32cubeide/plugins/com.st.stm32cube.ide.mcu.externaltools.gnu-tools-for-stm32.7-2018-q2-update.win32_1.5.0.202011040924/tools/bin/../lib/gcc/arm-none-eabi/7.3.1/../../../../arm-none-eabi/lib/thumb/v7e-m/fpv4-sp/hard\libc_nano.a(lib_a-nano-svfprintf.o)
                0x0000000020010b88                __ssputs_r
 .text._svfprintf_r
                0x0000000020010c3c      0x1f0 c:/st/stm32cubeide_1.4.0/stm32cubeide/plugins/com.st.stm32cube.ide.mcu.externaltools.gnu-tools-for-stm32.7-2018-q2-update.win32_1.5.0.202011040924/tools/bin/../lib/gcc/arm-none-eabi/7.3.1/../../../../arm-none-eabi/lib/thumb/v7e-m/fpv4-sp/hard\libc_nano.a(lib_a-nano-svfprintf.o)
                0x0000000020010c3c                _svfiprintf_r
                0x0000000020010c3c                _svfprintf_r
 .text._printf_common
                0x0000000020010e2c       0xea c:/st/stm32cubeide_1.4.0/stm32cubeide/plugins/com.st.stm32cube.ide.mcu.externaltools.gnu-tools-for-stm32.7-2018-q2-update.win32_1.5.0.202011040924/tools/bin/../lib/gcc/arm-none-eabi/7.3.1/../../../../arm-none-eabi/lib/thumb/v7e-m/fpv4-sp/hard\libc_nano.a(lib_a-nano-vfprintf_i.o)
                0x0000000020010e2c                _printf_common
 *fill*         0x0000000020010f16        0x2 
 .text._printf_i
                0x0000000020010f18      0x224 c:/st/stm32cubeide_1.4.0/stm32cubeide/plugins/com.st.stm32cube.ide.mcu.externaltools.gnu-tools-for-stm32.7-2018-q2-update.win32_1.5.0.202011040924/tools/bin/../lib/gcc/arm-none-eabi/7.3.1/../../../../arm-none-eabi/lib/thumb/v7e-m/fpv4-sp/hard\libc_nano.a(lib_a-nano-vfprintf_i.o)
                0x0000000020010f18                _printf_i
 .text.memcpy   0x000000002001113c       0x16 c:/st/stm32cubeide_1.4.0/stm32cubeide/plugins/com.st.stm32cube.ide.mcu.externaltools.gnu-tools-for-stm32.7-2018-q2-update.win32_1.5.0.202011040924/tools/bin/../lib/gcc/arm-none-eabi/7.3.1/../../../../arm-none-eabi/lib/thumb/v7e-m/fpv4-sp/hard\libc_nano.a(lib_a-memcpy-stub.o)
                0x000000002001113c                memcpy
 .text.memmove  0x0000000020011152       0x32 c:/st/stm32cubeide_1.4.0/stm32cubeide/plugins/com.st.stm32cube.ide.mcu.externaltools.gnu-tools-for-stm32.7-2018-q2-update.win32_1.5.0.202011040924/tools/bin/../lib/gcc/arm-none-eabi/7.3.1/../../../../arm-none-eabi/lib/thumb/v7e-m/fpv4-sp/hard\libc_nano.a(lib_a-memmove.o)
                0x0000000020011152                memmove
 .text._free_r  0x0000000020011184       0x9c c:/st/stm32cubeide_1.4.0/stm32cubeide/plugins/com.st.stm32cube.ide.mcu.externaltools.gnu-tools-for-stm32.7-2018-q2-update.win32_1.5.0.202011040924/tools/bin/../lib/gcc/arm-none-eabi/7.3.1/../../../../arm-none-eabi/lib/thumb/v7e-m/fpv4-sp/hard\libc_nano.a(lib_a-nano-freer.o)
                0x0000000020011184                _free_r
 .text._malloc_r
                0x0000000020011220       0xb4 c:/st/stm32cubeide_1.4.0/stm32cubeide/plugins/com.st.stm32cube.ide.mcu.externaltools.gnu-tools-for-stm32.7-2018-q2-update.win32_1.5.0.202011040924/tools/bin/../lib/gcc/arm-none-eabi/7.3.1/../../../../arm-none-eabi/lib/thumb/v7e-m/fpv4-sp/hard\libc_nano.a(lib_a-nano-mallocr.o)
                0x0000000020011220                _malloc_r
 .text._realloc_r
                0x00000000200112d4       0x4c c:/st/stm32cubeide_1.4.0/stm32cubeide/plugins/com.st.stm32cube.ide.mcu.externaltools.gnu-tools-for-stm32.7-2018-q2-update.win32_1.5.0.202011040924/tools/bin/../lib/gcc/arm-none-eabi/7.3.1/../../../../arm-none-eabi/lib/thumb/v7e-m/fpv4-sp/hard\libc_nano.a(lib_a-nano-reallocr.o)
                0x00000000200112d4                _realloc_r
 .text._sbrk_r  0x0000000020011320       0x20 c:/st/stm32cubeide_1.4.0/stm32cubeide/plugins/com.st.stm32cube.ide.mcu.externaltools.gnu-tools-for-stm32.7-2018-q2-update.win32_1.5.0.202011040924/tools/bin/../lib/gcc/arm-none-eabi/7.3.1/../../../../arm-none-eabi/lib/thumb/v7e-m/fpv4-sp/hard\libc_nano.a(lib_a-sbrkr.o)
                0x0000000020011320                _sbrk_r
 .text.__malloc_lock
                0x0000000020011340        0x2 c:/st/stm32cubeide_1.4.0/stm32cubeide/plugins/com.st.stm32cube.ide.mcu.externaltools.gnu-tools-for-stm32.7-2018-q2-update.win32_1.5.0.202011040924/tools/bin/../lib/gcc/arm-none-eabi/7.3.1/../../../../arm-none-eabi/lib/thumb/v7e-m/fpv4-sp/hard\libc_nano.a(lib_a-mlock.o)
                0x0000000020011340                __malloc_lock
 .text.__malloc_unlock
                0x0000000020011342        0x2 c:/st/stm32cubeide_1.4.0/stm32cubeide/plugins/com.st.stm32cube.ide.mcu.externaltools.gnu-tools-for-stm32.7-2018-q2-update.win32_1.5.0.202011040924/tools/bin/../lib/gcc/arm-none-eabi/7.3.1/../../../../arm-none-eabi/lib/thumb/v7e-m/fpv4-sp/hard\libc_nano.a(lib_a-mlock.o)
                0x0000000020011342                __malloc_unlock
 .text._malloc_usable_size_r
                0x0000000020011344       0x10 c:/st/stm32cubeide_1.4.0/stm32cubeide/plugins/com.st.stm32cube.ide.mcu.externaltools.gnu-tools-for-stm32.7-2018-q2-update.win32_1.5.0.202011040924/tools/bin/../lib/gcc/arm-none-eabi/7.3.1/../../../../arm-none-eabi/lib/thumb/v7e-m/fpv4-sp/hard\libc_nano.a(lib_a-nano-msizer.o)
                0x0000000020011344                _malloc_usable_size_r
 *(.glue_7)
 .glue_7        0x0000000020011354        0x0 linker stubs
 *(.glue_7t)
 .glue_7t       0x0000000020011354        0x0 linker stubs
 *(.eh_frame)
 .eh_frame      0x0000000020011354        0x0 c:/st/stm32cubeide_1.4.0/stm32cubeide/plugins/com.st.stm32cube.ide.mcu.externaltools.gnu-tools-for-stm32.7-2018-q2-update.win32_1.5.0.202011040924/tools/bin/../lib/gcc/arm-none-eabi/7.3.1/thumb/v7e-m/fpv4-sp/hard/crtbegin.o
 *(.init)
 .init          0x0000000020011354        0x4 c:/st/stm32cubeide_1.4.0/stm32cubeide/plugins/com.st.stm32cube.ide.mcu.externaltools.gnu-tools-for-stm32.7-2018-q2-update.win32_1.5.0.202011040924/tools/bin/../lib/gcc/arm-none-eabi/7.3.1/thumb/v7e-m/fpv4-sp/hard/crti.o
                0x0000000020011354                _init
 .init          0x0000000020011358        0x8 c:/st/stm32cubeide_1.4.0/stm32cubeide/plugins/com.st.stm32cube.ide.mcu.externaltools.gnu-tools-for-stm32.7-2018-q2-update.win32_1.5.0.202011040924/tools/bin/../lib/gcc/arm-none-eabi/7.3.1/thumb/v7e-m/fpv4-sp/hard/crtn.o
 *(.fini)
 .fini          0x0000000020011360        0x4 c:/st/stm32cubeide_1.4.0/stm32cubeide/plugins/com.st.stm32cube.ide.mcu.externaltools.gnu-tools-for-stm32.7-2018-q2-update.win32_1.5.0.202011040924/tools/bin/../lib/gcc/arm-none-eabi/7.3.1/thumb/v7e-m/fpv4-sp/hard/crti.o
                0x0000000020011360                _fini
 .fini          0x0000000020011364        0x8 c:/st/stm32cubeide_1.4.0/stm32cubeide/plugins/com.st.stm32cube.ide.mcu.externaltools.gnu-tools-for-stm32.7-2018-q2-update.win32_1.5.0.202011040924/tools/bin/../lib/gcc/arm-none-eabi/7.3.1/thumb/v7e-m/fpv4-sp/hard/crtn.o
                0x000000002001136c                . = ALIGN (0x4)
                0x000000002001136c                _etext = .

.vfp11_veneer   0x000000002001136c        0x0
 .vfp11_veneer  0x000000002001136c        0x0 linker stubs

.v4_bx          0x000000002001136c        0x0
 .v4_bx         0x000000002001136c        0x0 linker stubs

.iplt           0x000000002001136c        0x0
 .iplt          0x000000002001136c        0x0 c:/st/stm32cubeide_1.4.0/stm32cubeide/plugins/com.st.stm32cube.ide.mcu.externaltools.gnu-tools-for-stm32.7-2018-q2-update.win32_1.5.0.202011040924/tools/bin/../lib/gcc/arm-none-eabi/7.3.1/thumb/v7e-m/fpv4-sp/hard/crtbegin.o

.rodata         0x000000002001136c      0x480
                0x000000002001136c                . = ALIGN (0x4)
 *(.rodata)
 .rodata        0x000000002001136c        0xc Core/Src/main.o
 .rodata        0x0000000020011378       0x12 Core/Src/stm32f4xx_it.o
 *(.rodata*)
 *fill*         0x000000002001138a        0x2 
 .rodata.crc32_table
                0x000000002001138c      0x400 Core/Src/crc32.o
                0x000000002001138c                crc32_table
 .rodata.buf    0x000000002001178c        0xa Core/Src/main.o
                0x000000002001178c                buf
 *fill*         0x0000000020011796        0x2 
 .rodata.AHBPrescTable
                0x0000000020011798       0x10 Core/Src/system_stm32f4xx.o
                0x0000000020011798                AHBPrescTable
 .rodata.APBPrescTable
                0x00000000200117a8        0x8 Core/Src/system_stm32f4xx.o
                0x00000000200117a8                APBPrescTable
 .rodata.flagBitshiftOffset.8131
                0x00000000200117b0        0x8 Drivers/STM32F4xx_HAL_Driver/Src/stm32f4xx_hal_dma.o
 .rodata._svfprintf_r.str1.1
                0x00000000200117b8       0x11 c:/st/stm32cubeide_1.4.0/stm32cubeide/plugins/com.st.stm32cube.ide.mcu.externaltools.gnu-tools-for-stm32.7-2018-q2-update.win32_1.5.0.202011040924/tools/bin/../lib/gcc/arm-none-eabi/7.3.1/../../../../arm-none-eabi/lib/thumb/v7e-m/fpv4-sp/hard\libc_nano.a(lib_a-nano-svfprintf.o)
 .rodata._printf_i.str1.1
                0x00000000200117c9       0x22 c:/st/stm32cubeide_1.4.0/stm32cubeide/plugins/com.st.stm32cube.ide.mcu.externaltools.gnu-tools-for-stm32.7-2018-q2-update.win32_1.5.0.202011040924/tools/bin/../lib/gcc/arm-none-eabi/7.3.1/../../../../arm-none-eabi/lib/thumb/v7e-m/fpv4-sp/hard\libc_nano.a(lib_a-nano-vfprintf_i.o)
                0x00000000200117ec                . = ALIGN (0x4)
 *fill*         0x00000000200117eb        0x1 

.ARM.extab      0x00000000200117ec        0x0
                0x00000000200117ec                . = ALIGN (0x4)
 *(.ARM.extab* .gnu.linkonce.armextab.*)
                0x00000000200117ec                . = ALIGN (0x4)

.ARM            0x00000000200117ec        0x8
                0x00000000200117ec                . = ALIGN (0x4)
                0x00000000200117ec                __exidx_start = .
 *(.ARM.exidx*)
 .ARM.exidx     0x00000000200117ec        0x8 c:/st/stm32cubeide_1.4.0/stm32cubeide/plugins/com.st.stm32cube.ide.mcu.externaltools.gnu-tools-for-stm32.7-2018-q2-update.win32_1.5.0.202011040924/tools/bin/../lib/gcc/arm-none-eabi/7.3.1/thumb/v7e-m/fpv4-sp/hard\libgcc.a(_udivmoddi4.o)
                0x00000000200117f4                __exidx_end = .
                0x00000000200117f4                . = ALIGN (0x4)

.rel.dyn        0x00000000200117f4        0x0
 .rel.iplt      0x00000000200117f4        0x0 c:/st/stm32cubeide_1.4.0/stm32cubeide/plugins/com.st.stm32cube.ide.mcu.externaltools.gnu-tools-for-stm32.7-2018-q2-update.win32_1.5.0.202011040924/tools/bin/../lib/gcc/arm-none-eabi/7.3.1/thumb/v7e-m/fpv4-sp/hard/crtbegin.o

.preinit_array  0x00000000200117f4        0x0
                0x00000000200117f4                . = ALIGN (0x4)
                0x00000000200117f4                PROVIDE (__preinit_array_start = .)
 *(.preinit_array*)
                0x00000000200117f4                PROVIDE (__preinit_array_end = .)
                0x00000000200117f4                . = ALIGN (0x4)

.init_array     0x00000000200117f4        0x4
                0x00000000200117f4                . = ALIGN (0x4)
                0x00000000200117f4                PROVIDE (__init_array_start = .)
 *(SORT_BY_NAME(.init_array.*))
 *(.init_array*)
 .init_array    0x00000000200117f4        0x4 c:/st/stm32cubeide_1.4.0/stm32cubeide/plugins/com.st.stm32cube.ide.mcu.externaltools.gnu-tools-for-stm32.7-2018-q2-update.win32_1.5.0.202011040924/tools/bin/../lib/gcc/arm-none-eabi/7.3.1/thumb/v7e-m/fpv4-sp/hard/crtbegin.o
                0x00000000200117f8                PROVIDE (__init_array_end = .)
                0x00000000200117f8                . = ALIGN (0x4)

.fini_array     0x00000000200117f8        0x4
                0x00000000200117f8                . = ALIGN (0x4)
                [!provide]                        PROVIDE (__fini_array_start = .)
 *(SORT_BY_NAME(.fini_array.*))
 *(.fini_array*)
 .fini_array    0x00000000200117f8        0x4 c:/st/stm32cubeide_1.4.0/stm32cubeide/plugins/com.st.stm32cube.ide.mcu.externaltools.gnu-tools-for-stm32.7-2018-q2-update.win32_1.5.0.202011040924/tools/bin/../lib/gcc/arm-none-eabi/7.3.1/thumb/v7e-m/fpv4-sp/hard/crtbegin.o
                [!provide]                        PROVIDE (__fini_array_end = .)
                0x00000000200117fc                . = ALIGN (0x4)
                0x00000000200117fc                _sidata = LOADADDR (.data)

.data           0x00000000200117fc       0x80
                0x00000000200117fc                . = ALIGN (0x4)
                0x00000000200117fc                _sdata = .
 *(.data)
 *(.data*)
 .data.SystemCoreClock
                0x00000000200117fc        0x4 Core/Src/system_stm32f4xx.o
                0x00000000200117fc                SystemCoreClock
 .data.TI       0x0000000020011800        0x4 Core/Src/trace.o
                0x0000000020011800                TI
 .data.TL       0x0000000020011804        0x4 Core/Src/trace.o
                0x0000000020011804                TL
 .data.CRC32    0x0000000020011808        0x4 Core/Src/trace.o
                0x0000000020011808                CRC32
 .data.Print_Write_Address
                0x000000002001180c        0x4 Core/Src/trace.o
                0x000000002001180c                Print_Write_Address
 .data.uwTickPrio
                0x0000000020011810        0x4 Drivers/STM32F4xx_HAL_Driver/Src/stm32f4xx_hal.o
                0x0000000020011810                uwTickPrio
 .data.uwTickFreq
                0x0000000020011814        0x1 Drivers/STM32F4xx_HAL_Driver/Src/stm32f4xx_hal.o
                0x0000000020011814                uwTickFreq
 *fill*         0x0000000020011815        0x3 
 .data._impure_ptr
                0x0000000020011818        0x4 c:/st/stm32cubeide_1.4.0/stm32cubeide/plugins/com.st.stm32cube.ide.mcu.externaltools.gnu-tools-for-stm32.7-2018-q2-update.win32_1.5.0.202011040924/tools/bin/../lib/gcc/arm-none-eabi/7.3.1/../../../../arm-none-eabi/lib/thumb/v7e-m/fpv4-sp/hard\libc_nano.a(lib_a-impure.o)
                0x0000000020011818                _impure_ptr
 .data.impure_data
                0x000000002001181c       0x60 c:/st/stm32cubeide_1.4.0/stm32cubeide/plugins/com.st.stm32cube.ide.mcu.externaltools.gnu-tools-for-stm32.7-2018-q2-update.win32_1.5.0.202011040924/tools/bin/../lib/gcc/arm-none-eabi/7.3.1/../../../../arm-none-eabi/lib/thumb/v7e-m/fpv4-sp/hard\libc_nano.a(lib_a-impure.o)
                0x000000002001187c                . = ALIGN (0x4)
                0x000000002001187c                _edata = .

.igot.plt       0x000000002001187c        0x0
 .igot.plt      0x000000002001187c        0x0 c:/st/stm32cubeide_1.4.0/stm32cubeide/plugins/com.st.stm32cube.ide.mcu.externaltools.gnu-tools-for-stm32.7-2018-q2-update.win32_1.5.0.202011040924/tools/bin/../lib/gcc/arm-none-eabi/7.3.1/thumb/v7e-m/fpv4-sp/hard/crtbegin.o
                0x000000002001187c                . = ALIGN (0x4)

.bss            0x000000002001187c      0x1c4
                0x000000002001187c                _sbss = .
                0x000000002001187c                __bss_start__ = _sbss
 *(.bss)
 .bss           0x000000002001187c       0x1c c:/st/stm32cubeide_1.4.0/stm32cubeide/plugins/com.st.stm32cube.ide.mcu.externaltools.gnu-tools-for-stm32.7-2018-q2-update.win32_1.5.0.202011040924/tools/bin/../lib/gcc/arm-none-eabi/7.3.1/thumb/v7e-m/fpv4-sp/hard/crtbegin.o
 *(.bss*)
 .bss.tim_count
                0x0000000020011898        0x2 Core/Src/main.o
                0x0000000020011898                tim_count
 *fill*         0x000000002001189a        0x2 
 .bss.__sbrk_heap_end
                0x000000002001189c        0x4 Core/Src/sysmem.o
 .bss.eventId   0x00000000200118a0        0x1 Core/Src/trace.o
                0x00000000200118a0                eventId
 *fill*         0x00000000200118a1        0x3 
 .bss.__malloc_free_list
                0x00000000200118a4        0x4 c:/st/stm32cubeide_1.4.0/stm32cubeide/plugins/com.st.stm32cube.ide.mcu.externaltools.gnu-tools-for-stm32.7-2018-q2-update.win32_1.5.0.202011040924/tools/bin/../lib/gcc/arm-none-eabi/7.3.1/../../../../arm-none-eabi/lib/thumb/v7e-m/fpv4-sp/hard\libc_nano.a(lib_a-nano-mallocr.o)
                0x00000000200118a4                __malloc_free_list
 .bss.__malloc_sbrk_start
                0x00000000200118a8        0x4 c:/st/stm32cubeide_1.4.0/stm32cubeide/plugins/com.st.stm32cube.ide.mcu.externaltools.gnu-tools-for-stm32.7-2018-q2-update.win32_1.5.0.202011040924/tools/bin/../lib/gcc/arm-none-eabi/7.3.1/../../../../arm-none-eabi/lib/thumb/v7e-m/fpv4-sp/hard\libc_nano.a(lib_a-nano-mallocr.o)
                0x00000000200118a8                __malloc_sbrk_start
 *(COMMON)
 COMMON         0x00000000200118ac        0xc Core/Src/iwdg.o
                0x00000000200118ac                hiwdg
 COMMON         0x00000000200118b8       0x40 Core/Src/tim.o
                0x00000000200118b8                htim10
 COMMON         0x00000000200118f8      0x140 Core/Src/usart.o
                0x00000000200118f8                hdma_usart3_rx
                0x0000000020011958                huart3
                0x0000000020011998                hdma_usart2_tx
                0x00000000200119f8                huart2
 COMMON         0x0000000020011a38        0x4 Drivers/STM32F4xx_HAL_Driver/Src/stm32f4xx_hal.o
                0x0000000020011a38                uwTick
 COMMON         0x0000000020011a3c        0x4 c:/st/stm32cubeide_1.4.0/stm32cubeide/plugins/com.st.stm32cube.ide.mcu.externaltools.gnu-tools-for-stm32.7-2018-q2-update.win32_1.5.0.202011040924/tools/bin/../lib/gcc/arm-none-eabi/7.3.1/../../../../arm-none-eabi/lib/thumb/v7e-m/fpv4-sp/hard\libc_nano.a(lib_a-reent.o)
                0x0000000020011a3c                errno
                0x0000000020011a40                . = ALIGN (0x4)
                0x0000000020011a40                _ebss = .
                0x0000000020011a40                __bss_end__ = _ebss

._user_heap_stack
                0x0000000020011a40      0x600
                0x0000000020011a40                . = ALIGN (0x8)
                [!provide]                        PROVIDE (end = .)
                0x0000000020011a40                PROVIDE (_end = .)
                0x0000000020011c40                . = (. + _Min_Heap_Size)
 *fill*         0x0000000020011a40      0x200 
                0x0000000020012040                . = (. + _Min_Stack_Size)
 *fill*         0x0000000020011c40      0x400 
                0x0000000020012040                . = ALIGN (0x8)

/DISCARD/
 libc.a(*)
 libm.a(*)
 libgcc.a(*)

.ARM.attributes
                0x0000000000000000       0x30
 *(.ARM.attributes)
 .ARM.attributes
                0x0000000000000000       0x22 c:/st/stm32cubeide_1.4.0/stm32cubeide/plugins/com.st.stm32cube.ide.mcu.externaltools.gnu-tools-for-stm32.7-2018-q2-update.win32_1.5.0.202011040924/tools/bin/../lib/gcc/arm-none-eabi/7.3.1/thumb/v7e-m/fpv4-sp/hard/crti.o
 .ARM.attributes
                0x0000000000000022       0x34 c:/st/stm32cubeide_1.4.0/stm32cubeide/plugins/com.st.stm32cube.ide.mcu.externaltools.gnu-tools-for-stm32.7-2018-q2-update.win32_1.5.0.202011040924/tools/bin/../lib/gcc/arm-none-eabi/7.3.1/thumb/v7e-m/fpv4-sp/hard/crtbegin.o
 .ARM.attributes
                0x0000000000000056       0x39 Core/Src/crc32.o
 .ARM.attributes
                0x000000000000008f       0x39 Core/Src/dma.o
 .ARM.attributes
                0x00000000000000c8       0x39 Core/Src/gpio.o
 .ARM.attributes
                0x0000000000000101       0x39 Core/Src/iwdg.o
 .ARM.attributes
                0x000000000000013a       0x39 Core/Src/main.o
 .ARM.attributes
                0x0000000000000173       0x39 Core/Src/stm32f4xx_hal_msp.o
 .ARM.attributes
                0x00000000000001ac       0x39 Core/Src/stm32f4xx_it.o
 .ARM.attributes
                0x00000000000001e5       0x39 Core/Src/sysmem.o
 .ARM.attributes
                0x000000000000021e       0x39 Core/Src/system_stm32f4xx.o
 .ARM.attributes
                0x0000000000000257       0x39 Core/Src/tim.o
 .ARM.attributes
                0x0000000000000290       0x39 Core/Src/trace.o
 .ARM.attributes
                0x00000000000002c9       0x39 Core/Src/usart.o
 .ARM.attributes
                0x0000000000000302       0x21 Core/Startup/startup_stm32f407vgtx.o
 .ARM.attributes
                0x0000000000000323       0x39 Drivers/STM32F4xx_HAL_Driver/Src/stm32f4xx_hal.o
 .ARM.attributes
                0x000000000000035c       0x39 Drivers/STM32F4xx_HAL_Driver/Src/stm32f4xx_hal_cortex.o
 .ARM.attributes
                0x0000000000000395       0x39 Drivers/STM32F4xx_HAL_Driver/Src/stm32f4xx_hal_dma.o
 .ARM.attributes
                0x00000000000003ce       0x39 Drivers/STM32F4xx_HAL_Driver/Src/stm32f4xx_hal_gpio.o
 .ARM.attributes
                0x0000000000000407       0x39 Drivers/STM32F4xx_HAL_Driver/Src/stm32f4xx_hal_iwdg.o
 .ARM.attributes
                0x0000000000000440       0x39 Drivers/STM32F4xx_HAL_Driver/Src/stm32f4xx_hal_rcc.o
 .ARM.attributes
                0x0000000000000479       0x39 Drivers/STM32F4xx_HAL_Driver/Src/stm32f4xx_hal_tim.o
 .ARM.attributes
                0x00000000000004b2       0x39 Drivers/STM32F4xx_HAL_Driver/Src/stm32f4xx_hal_tim_ex.o
 .ARM.attributes
                0x00000000000004eb       0x39 Drivers/STM32F4xx_HAL_Driver/Src/stm32f4xx_hal_uart.o
 .ARM.attributes
                0x0000000000000524       0x34 c:/st/stm32cubeide_1.4.0/stm32cubeide/plugins/com.st.stm32cube.ide.mcu.externaltools.gnu-tools-for-stm32.7-2018-q2-update.win32_1.5.0.202011040924/tools/bin/../lib/gcc/arm-none-eabi/7.3.1/../../../../arm-none-eabi/lib/thumb/v7e-m/fpv4-sp/hard\libc_nano.a(lib_a-errno.o)
 .ARM.attributes
                0x0000000000000558       0x34 c:/st/stm32cubeide_1.4.0/stm32cubeide/plugins/com.st.stm32cube.ide.mcu.externaltools.gnu-tools-for-stm32.7-2018-q2-update.win32_1.5.0.202011040924/tools/bin/../lib/gcc/arm-none-eabi/7.3.1/../../../../arm-none-eabi/lib/thumb/v7e-m/fpv4-sp/hard\libc_nano.a(lib_a-impure.o)
 .ARM.attributes
                0x000000000000058c       0x34 c:/st/stm32cubeide_1.4.0/stm32cubeide/plugins/com.st.stm32cube.ide.mcu.externaltools.gnu-tools-for-stm32.7-2018-q2-update.win32_1.5.0.202011040924/tools/bin/../lib/gcc/arm-none-eabi/7.3.1/../../../../arm-none-eabi/lib/thumb/v7e-m/fpv4-sp/hard\libc_nano.a(lib_a-init.o)
 .ARM.attributes
                0x00000000000005c0       0x34 c:/st/stm32cubeide_1.4.0/stm32cubeide/plugins/com.st.stm32cube.ide.mcu.externaltools.gnu-tools-for-stm32.7-2018-q2-update.win32_1.5.0.202011040924/tools/bin/../lib/gcc/arm-none-eabi/7.3.1/../../../../arm-none-eabi/lib/thumb/v7e-m/fpv4-sp/hard\libc_nano.a(lib_a-memset.o)
 .ARM.attributes
                0x00000000000005f4       0x34 c:/st/stm32cubeide_1.4.0/stm32cubeide/plugins/com.st.stm32cube.ide.mcu.externaltools.gnu-tools-for-stm32.7-2018-q2-update.win32_1.5.0.202011040924/tools/bin/../lib/gcc/arm-none-eabi/7.3.1/../../../../arm-none-eabi/lib/thumb/v7e-m/fpv4-sp/hard\libc_nano.a(lib_a-sprintf.o)
 .ARM.attributes
                0x0000000000000628       0x1b c:/st/stm32cubeide_1.4.0/stm32cubeide/plugins/com.st.stm32cube.ide.mcu.externaltools.gnu-tools-for-stm32.7-2018-q2-update.win32_1.5.0.202011040924/tools/bin/../lib/gcc/arm-none-eabi/7.3.1/../../../../arm-none-eabi/lib/thumb/v7e-m/fpv4-sp/hard\libc_nano.a(lib_a-strlen.o)
 .ARM.attributes
                0x0000000000000643       0x34 c:/st/stm32cubeide_1.4.0/stm32cubeide/plugins/com.st.stm32cube.ide.mcu.externaltools.gnu-tools-for-stm32.7-2018-q2-update.win32_1.5.0.202011040924/tools/bin/../lib/gcc/arm-none-eabi/7.3.1/../../../../arm-none-eabi/lib/thumb/v7e-m/fpv4-sp/hard\libc_nano.a(lib_a-nano-svfprintf.o)
 .ARM.attributes
                0x0000000000000677       0x34 c:/st/stm32cubeide_1.4.0/stm32cubeide/plugins/com.st.stm32cube.ide.mcu.externaltools.gnu-tools-for-stm32.7-2018-q2-update.win32_1.5.0.202011040924/tools/bin/../lib/gcc/arm-none-eabi/7.3.1/../../../../arm-none-eabi/lib/thumb/v7e-m/fpv4-sp/hard\libc_nano.a(lib_a-nano-vfprintf_i.o)
 .ARM.attributes
                0x00000000000006ab       0x20 c:/st/stm32cubeide_1.4.0/stm32cubeide/plugins/com.st.stm32cube.ide.mcu.externaltools.gnu-tools-for-stm32.7-2018-q2-update.win32_1.5.0.202011040924/tools/bin/../lib/gcc/arm-none-eabi/7.3.1/../../../../arm-none-eabi/lib/thumb/v7e-m/fpv4-sp/hard\libc_nano.a(lib_a-memchr.o)
 .ARM.attributes
                0x00000000000006cb       0x34 c:/st/stm32cubeide_1.4.0/stm32cubeide/plugins/com.st.stm32cube.ide.mcu.externaltools.gnu-tools-for-stm32.7-2018-q2-update.win32_1.5.0.202011040924/tools/bin/../lib/gcc/arm-none-eabi/7.3.1/../../../../arm-none-eabi/lib/thumb/v7e-m/fpv4-sp/hard\libc_nano.a(lib_a-memcpy-stub.o)
 .ARM.attributes
                0x00000000000006ff       0x34 c:/st/stm32cubeide_1.4.0/stm32cubeide/plugins/com.st.stm32cube.ide.mcu.externaltools.gnu-tools-for-stm32.7-2018-q2-update.win32_1.5.0.202011040924/tools/bin/../lib/gcc/arm-none-eabi/7.3.1/../../../../arm-none-eabi/lib/thumb/v7e-m/fpv4-sp/hard\libc_nano.a(lib_a-memmove.o)
 .ARM.attributes
                0x0000000000000733       0x34 c:/st/stm32cubeide_1.4.0/stm32cubeide/plugins/com.st.stm32cube.ide.mcu.externaltools.gnu-tools-for-stm32.7-2018-q2-update.win32_1.5.0.202011040924/tools/bin/../lib/gcc/arm-none-eabi/7.3.1/../../../../arm-none-eabi/lib/thumb/v7e-m/fpv4-sp/hard\libc_nano.a(lib_a-nano-freer.o)
 .ARM.attributes
                0x0000000000000767       0x34 c:/st/stm32cubeide_1.4.0/stm32cubeide/plugins/com.st.stm32cube.ide.mcu.externaltools.gnu-tools-for-stm32.7-2018-q2-update.win32_1.5.0.202011040924/tools/bin/../lib/gcc/arm-none-eabi/7.3.1/../../../../arm-none-eabi/lib/thumb/v7e-m/fpv4-sp/hard\libc_nano.a(lib_a-nano-mallocr.o)
 .ARM.attributes
                0x000000000000079b       0x34 c:/st/stm32cubeide_1.4.0/stm32cubeide/plugins/com.st.stm32cube.ide.mcu.externaltools.gnu-tools-for-stm32.7-2018-q2-update.win32_1.5.0.202011040924/tools/bin/../lib/gcc/arm-none-eabi/7.3.1/../../../../arm-none-eabi/lib/thumb/v7e-m/fpv4-sp/hard\libc_nano.a(lib_a-nano-reallocr.o)
 .ARM.attributes
                0x00000000000007cf       0x34 c:/st/stm32cubeide_1.4.0/stm32cubeide/plugins/com.st.stm32cube.ide.mcu.externaltools.gnu-tools-for-stm32.7-2018-q2-update.win32_1.5.0.202011040924/tools/bin/../lib/gcc/arm-none-eabi/7.3.1/../../../../arm-none-eabi/lib/thumb/v7e-m/fpv4-sp/hard\libc_nano.a(lib_a-sbrkr.o)
 .ARM.attributes
                0x0000000000000803       0x34 c:/st/stm32cubeide_1.4.0/stm32cubeide/plugins/com.st.stm32cube.ide.mcu.externaltools.gnu-tools-for-stm32.7-2018-q2-update.win32_1.5.0.202011040924/tools/bin/../lib/gcc/arm-none-eabi/7.3.1/../../../../arm-none-eabi/lib/thumb/v7e-m/fpv4-sp/hard\libc_nano.a(lib_a-mlock.o)
 .ARM.attributes
                0x0000000000000837       0x34 c:/st/stm32cubeide_1.4.0/stm32cubeide/plugins/com.st.stm32cube.ide.mcu.externaltools.gnu-tools-for-stm32.7-2018-q2-update.win32_1.5.0.202011040924/tools/bin/../lib/gcc/arm-none-eabi/7.3.1/../../../../arm-none-eabi/lib/thumb/v7e-m/fpv4-sp/hard\libc_nano.a(lib_a-nano-msizer.o)
 .ARM.attributes
                0x000000000000086b       0x34 c:/st/stm32cubeide_1.4.0/stm32cubeide/plugins/com.st.stm32cube.ide.mcu.externaltools.gnu-tools-for-stm32.7-2018-q2-update.win32_1.5.0.202011040924/tools/bin/../lib/gcc/arm-none-eabi/7.3.1/../../../../arm-none-eabi/lib/thumb/v7e-m/fpv4-sp/hard\libc_nano.a(lib_a-reent.o)
 .ARM.attributes
                0x000000000000089f       0x22 c:/st/stm32cubeide_1.4.0/stm32cubeide/plugins/com.st.stm32cube.ide.mcu.externaltools.gnu-tools-for-stm32.7-2018-q2-update.win32_1.5.0.202011040924/tools/bin/../lib/gcc/arm-none-eabi/7.3.1/thumb/v7e-m/fpv4-sp/hard\libgcc.a(_aeabi_uldivmod.o)
 .ARM.attributes
                0x00000000000008c1       0x34 c:/st/stm32cubeide_1.4.0/stm32cubeide/plugins/com.st.stm32cube.ide.mcu.externaltools.gnu-tools-for-stm32.7-2018-q2-update.win32_1.5.0.202011040924/tools/bin/../lib/gcc/arm-none-eabi/7.3.1/thumb/v7e-m/fpv4-sp/hard\libgcc.a(_udivmoddi4.o)
 .ARM.attributes
                0x00000000000008f5       0x22 c:/st/stm32cubeide_1.4.0/stm32cubeide/plugins/com.st.stm32cube.ide.mcu.externaltools.gnu-tools-for-stm32.7-2018-q2-update.win32_1.5.0.202011040924/tools/bin/../lib/gcc/arm-none-eabi/7.3.1/thumb/v7e-m/fpv4-sp/hard\libgcc.a(_dvmd_tls.o)
 .ARM.attributes
                0x0000000000000917       0x22 c:/st/stm32cubeide_1.4.0/stm32cubeide/plugins/com.st.stm32cube.ide.mcu.externaltools.gnu-tools-for-stm32.7-2018-q2-update.win32_1.5.0.202011040924/tools/bin/../lib/gcc/arm-none-eabi/7.3.1/thumb/v7e-m/fpv4-sp/hard/crtn.o
OUTPUT(SDK_cLAB_TIM_DMA.elf elf32-littlearm)

.debug_info     0x0000000000000000     0xe70d
 .debug_info    0x0000000000000000       0xf0 Core/Src/crc32.o
 .debug_info    0x00000000000000f0      0x56a Core/Src/dma.o
 .debug_info    0x000000000000065a      0x4c8 Core/Src/gpio.o
 .debug_info    0x0000000000000b22      0x265 Core/Src/iwdg.o
 .debug_info    0x0000000000000d87     0x1527 Core/Src/main.o
 .debug_info    0x00000000000022ae      0x362 Core/Src/stm32f4xx_hal_msp.o
 .debug_info    0x0000000000002610     0x1195 Core/Src/stm32f4xx_it.o
 .debug_info    0x00000000000037a5      0x985 Core/Src/sysmem.o
 .debug_info    0x000000000000412a      0x554 Core/Src/system_stm32f4xx.o
 .debug_info    0x000000000000467e      0xaba Core/Src/tim.o
 .debug_info    0x0000000000005138      0xd41 Core/Src/trace.o
 .debug_info    0x0000000000005e79      0xbf1 Core/Src/usart.o
 .debug_info    0x0000000000006a6a       0x22 Core/Startup/startup_stm32f407vgtx.o
 .debug_info    0x0000000000006a8c      0x945 Drivers/STM32F4xx_HAL_Driver/Src/stm32f4xx_hal.o
 .debug_info    0x00000000000073d1      0xe28 Drivers/STM32F4xx_HAL_Driver/Src/stm32f4xx_hal_cortex.o
 .debug_info    0x00000000000081f9      0x968 Drivers/STM32F4xx_HAL_Driver/Src/stm32f4xx_hal_dma.o
 .debug_info    0x0000000000008b61      0x7b5 Drivers/STM32F4xx_HAL_Driver/Src/stm32f4xx_hal_gpio.o
 .debug_info    0x0000000000009316      0x2a7 Drivers/STM32F4xx_HAL_Driver/Src/stm32f4xx_hal_iwdg.o
 .debug_info    0x00000000000095bd      0x904 Drivers/STM32F4xx_HAL_Driver/Src/stm32f4xx_hal_rcc.o
 .debug_info    0x0000000000009ec1     0x24a9 Drivers/STM32F4xx_HAL_Driver/Src/stm32f4xx_hal_tim.o
 .debug_info    0x000000000000c36a     0x1157 Drivers/STM32F4xx_HAL_Driver/Src/stm32f4xx_hal_tim_ex.o
 .debug_info    0x000000000000d4c1     0x124c Drivers/STM32F4xx_HAL_Driver/Src/stm32f4xx_hal_uart.o

.debug_abbrev   0x0000000000000000     0x2462
 .debug_abbrev  0x0000000000000000       0xa9 Core/Src/crc32.o
 .debug_abbrev  0x00000000000000a9      0x107 Core/Src/dma.o
 .debug_abbrev  0x00000000000001b0      0x134 Core/Src/gpio.o
 .debug_abbrev  0x00000000000002e4      0x109 Core/Src/iwdg.o
 .debug_abbrev  0x00000000000003ed      0x23b Core/Src/main.o
 .debug_abbrev  0x0000000000000628      0x109 Core/Src/stm32f4xx_hal_msp.o
 .debug_abbrev  0x0000000000000731      0x20c Core/Src/stm32f4xx_it.o
 .debug_abbrev  0x000000000000093d      0x19b Core/Src/sysmem.o
 .debug_abbrev  0x0000000000000ad8      0x12b Core/Src/system_stm32f4xx.o
 .debug_abbrev  0x0000000000000c03      0x199 Core/Src/tim.o
 .debug_abbrev  0x0000000000000d9c      0x241 Core/Src/trace.o
 .debug_abbrev  0x0000000000000fdd      0x1b3 Core/Src/usart.o
 .debug_abbrev  0x0000000000001190       0x12 Core/Startup/startup_stm32f407vgtx.o
 .debug_abbrev  0x00000000000011a2      0x1c7 Drivers/STM32F4xx_HAL_Driver/Src/stm32f4xx_hal.o
 .debug_abbrev  0x0000000000001369      0x2fa Drivers/STM32F4xx_HAL_Driver/Src/stm32f4xx_hal_cortex.o
 .debug_abbrev  0x0000000000001663      0x229 Drivers/STM32F4xx_HAL_Driver/Src/stm32f4xx_hal_dma.o
 .debug_abbrev  0x000000000000188c      0x1c9 Drivers/STM32F4xx_HAL_Driver/Src/stm32f4xx_hal_gpio.o
 .debug_abbrev  0x0000000000001a55      0x138 Drivers/STM32F4xx_HAL_Driver/Src/stm32f4xx_hal_iwdg.o
 .debug_abbrev  0x0000000000001b8d      0x245 Drivers/STM32F4xx_HAL_Driver/Src/stm32f4xx_hal_rcc.o
 .debug_abbrev  0x0000000000001dd2      0x230 Drivers/STM32F4xx_HAL_Driver/Src/stm32f4xx_hal_tim.o
 .debug_abbrev  0x0000000000002002      0x21e Drivers/STM32F4xx_HAL_Driver/Src/stm32f4xx_hal_tim_ex.o
 .debug_abbrev  0x0000000000002220      0x242 Drivers/STM32F4xx_HAL_Driver/Src/stm32f4xx_hal_uart.o

.debug_aranges  0x0000000000000000      0xce8
 .debug_aranges
                0x0000000000000000       0x28 Core/Src/crc32.o
 .debug_aranges
                0x0000000000000028       0x20 Core/Src/dma.o
 .debug_aranges
                0x0000000000000048       0x20 Core/Src/gpio.o
 .debug_aranges
                0x0000000000000068       0x20 Core/Src/iwdg.o
 .debug_aranges
                0x0000000000000088       0x38 Core/Src/main.o
 .debug_aranges
                0x00000000000000c0       0x20 Core/Src/stm32f4xx_hal_msp.o
 .debug_aranges
                0x00000000000000e0       0x80 Core/Src/stm32f4xx_it.o
 .debug_aranges
                0x0000000000000160       0x20 Core/Src/sysmem.o
 .debug_aranges
                0x0000000000000180       0x28 Core/Src/system_stm32f4xx.o
 .debug_aranges
                0x00000000000001a8       0x30 Core/Src/tim.o
 .debug_aranges
                0x00000000000001d8       0x48 Core/Src/trace.o
 .debug_aranges
                0x0000000000000220       0x38 Core/Src/usart.o
 .debug_aranges
                0x0000000000000258       0x28 Core/Startup/startup_stm32f407vgtx.o
 .debug_aranges
                0x0000000000000280       0xf0 Drivers/STM32F4xx_HAL_Driver/Src/stm32f4xx_hal.o
 .debug_aranges
                0x0000000000000370      0x118 Drivers/STM32F4xx_HAL_Driver/Src/stm32f4xx_hal_cortex.o
 .debug_aranges
                0x0000000000000488       0x90 Drivers/STM32F4xx_HAL_Driver/Src/stm32f4xx_hal_dma.o
 .debug_aranges
                0x0000000000000518       0x58 Drivers/STM32F4xx_HAL_Driver/Src/stm32f4xx_hal_gpio.o
 .debug_aranges
                0x0000000000000570       0x28 Drivers/STM32F4xx_HAL_Driver/Src/stm32f4xx_hal_iwdg.o
 .debug_aranges
                0x0000000000000598       0x88 Drivers/STM32F4xx_HAL_Driver/Src/stm32f4xx_hal_rcc.o
 .debug_aranges
                0x0000000000000620      0x3a8 Drivers/STM32F4xx_HAL_Driver/Src/stm32f4xx_hal_tim.o
 .debug_aranges
                0x00000000000009c8      0x150 Drivers/STM32F4xx_HAL_Driver/Src/stm32f4xx_hal_tim_ex.o
 .debug_aranges
                0x0000000000000b18      0x1d0 Drivers/STM32F4xx_HAL_Driver/Src/stm32f4xx_hal_uart.o

.debug_ranges   0x0000000000000000      0xb90
 .debug_ranges  0x0000000000000000       0x18 Core/Src/crc32.o
 .debug_ranges  0x0000000000000018       0x10 Core/Src/dma.o
 .debug_ranges  0x0000000000000028       0x10 Core/Src/gpio.o
 .debug_ranges  0x0000000000000038       0x10 Core/Src/iwdg.o
 .debug_ranges  0x0000000000000048       0x28 Core/Src/main.o
 .debug_ranges  0x0000000000000070       0x10 Core/Src/stm32f4xx_hal_msp.o
 .debug_ranges  0x0000000000000080       0x70 Core/Src/stm32f4xx_it.o
 .debug_ranges  0x00000000000000f0       0x10 Core/Src/sysmem.o
 .debug_ranges  0x0000000000000100       0x18 Core/Src/system_stm32f4xx.o
 .debug_ranges  0x0000000000000118       0x20 Core/Src/tim.o
 .debug_ranges  0x0000000000000138       0x38 Core/Src/trace.o
 .debug_ranges  0x0000000000000170       0x28 Core/Src/usart.o
 .debug_ranges  0x0000000000000198       0x20 Core/Startup/startup_stm32f407vgtx.o
 .debug_ranges  0x00000000000001b8       0xe0 Drivers/STM32F4xx_HAL_Driver/Src/stm32f4xx_hal.o
 .debug_ranges  0x0000000000000298      0x108 Drivers/STM32F4xx_HAL_Driver/Src/stm32f4xx_hal_cortex.o
 .debug_ranges  0x00000000000003a0       0x80 Drivers/STM32F4xx_HAL_Driver/Src/stm32f4xx_hal_dma.o
 .debug_ranges  0x0000000000000420       0x48 Drivers/STM32F4xx_HAL_Driver/Src/stm32f4xx_hal_gpio.o
 .debug_ranges  0x0000000000000468       0x18 Drivers/STM32F4xx_HAL_Driver/Src/stm32f4xx_hal_iwdg.o
 .debug_ranges  0x0000000000000480       0x78 Drivers/STM32F4xx_HAL_Driver/Src/stm32f4xx_hal_rcc.o
 .debug_ranges  0x00000000000004f8      0x398 Drivers/STM32F4xx_HAL_Driver/Src/stm32f4xx_hal_tim.o
 .debug_ranges  0x0000000000000890      0x140 Drivers/STM32F4xx_HAL_Driver/Src/stm32f4xx_hal_tim_ex.o
 .debug_ranges  0x00000000000009d0      0x1c0 Drivers/STM32F4xx_HAL_Driver/Src/stm32f4xx_hal_uart.o

.debug_macro    0x0000000000000000    0x22054
 .debug_macro   0x0000000000000000       0x1b Core/Src/crc32.o
 .debug_macro   0x000000000000001b      0xa5a Core/Src/crc32.o
 .debug_macro   0x0000000000000a75      0x1ec Core/Src/dma.o
 .debug_macro   0x0000000000000c61      0x29a Core/Src/dma.o
 .debug_macro   0x0000000000000efb       0x2e Core/Src/dma.o
 .debug_macro   0x0000000000000f29       0x2f Core/Src/dma.o
 .debug_macro   0x0000000000000f58       0x22 Core/Src/dma.o
 .debug_macro   0x0000000000000f7a       0x8e Core/Src/dma.o
 .debug_macro   0x0000000000001008       0x51 Core/Src/dma.o
 .debug_macro   0x0000000000001059       0xef Core/Src/dma.o
 .debug_macro   0x0000000000001148       0x6a Core/Src/dma.o
 .debug_macro   0x00000000000011b2      0x1df Core/Src/dma.o
 .debug_macro   0x0000000000001391       0x1c Core/Src/dma.o
 .debug_macro   0x00000000000013ad       0x22 Core/Src/dma.o
 .debug_macro   0x00000000000013cf       0xdf Core/Src/dma.o
 .debug_macro   0x00000000000014ae     0x102d Core/Src/dma.o
 .debug_macro   0x00000000000024db      0x11f Core/Src/dma.o
 .debug_macro   0x00000000000025fa    0x15e3c Core/Src/dma.o
 .debug_macro   0x0000000000018436       0x43 Core/Src/dma.o
 .debug_macro   0x0000000000018479     0x3659 Core/Src/dma.o
 .debug_macro   0x000000000001bad2      0x174 Core/Src/dma.o
 .debug_macro   0x000000000001bc46       0x5a Core/Src/dma.o
 .debug_macro   0x000000000001bca0      0x96b Core/Src/dma.o
 .debug_macro   0x000000000001c60b      0x9fe Core/Src/dma.o
 .debug_macro   0x000000000001d009      0x117 Core/Src/dma.o
 .debug_macro   0x000000000001d120      0x13e Core/Src/dma.o
 .debug_macro   0x000000000001d25e       0x27 Core/Src/dma.o
 .debug_macro   0x000000000001d285      0x174 Core/Src/dma.o
 .debug_macro   0x000000000001d3f9      0x287 Core/Src/dma.o
 .debug_macro   0x000000000001d680       0x5f Core/Src/dma.o
 .debug_macro   0x000000000001d6df      0x236 Core/Src/dma.o
 .debug_macro   0x000000000001d915      0x12c Core/Src/dma.o
 .debug_macro   0x000000000001da41      0x21e Core/Src/dma.o
 .debug_macro   0x000000000001dc5f       0x2e Core/Src/dma.o
 .debug_macro   0x000000000001dc8d       0x78 Core/Src/dma.o
 .debug_macro   0x000000000001dd05      0x11a Core/Src/dma.o
 .debug_macro   0x000000000001de1f       0x7e Core/Src/dma.o
 .debug_macro   0x000000000001de9d       0x89 Core/Src/dma.o
 .debug_macro   0x000000000001df26      0x8a0 Core/Src/dma.o
 .debug_macro   0x000000000001e7c6       0x47 Core/Src/dma.o
 .debug_macro   0x000000000001e80d      0x287 Core/Src/dma.o
 .debug_macro   0x000000000001ea94      0x12d Core/Src/dma.o
 .debug_macro   0x000000000001ebc1      0x1ec Core/Src/gpio.o
 .debug_macro   0x000000000001edad      0x1ec Core/Src/iwdg.o
 .debug_macro   0x000000000001ef99      0x2f8 Core/Src/main.o
 .debug_macro   0x000000000001f291       0x46 Core/Src/main.o
 .debug_macro   0x000000000001f2d7       0x18 Core/Src/main.o
 .debug_macro   0x000000000001f2ef       0x3c Core/Src/main.o
 .debug_macro   0x000000000001f32b       0x34 Core/Src/main.o
 .debug_macro   0x000000000001f35f       0x52 Core/Src/main.o
 .debug_macro   0x000000000001f3b1       0x1f Core/Src/main.o
 .debug_macro   0x000000000001f3d0       0x43 Core/Src/main.o
 .debug_macro   0x000000000001f413       0x20 Core/Src/main.o
 .debug_macro   0x000000000001f433      0x1a3 Core/Src/main.o
 .debug_macro   0x000000000001f5d6      0x32a Core/Src/main.o
 .debug_macro   0x000000000001f900       0x10 Core/Src/main.o
 .debug_macro   0x000000000001f910       0x35 Core/Src/main.o
 .debug_macro   0x000000000001f945       0x20 Core/Src/main.o
 .debug_macro   0x000000000001f965       0xb2 Core/Src/main.o
 .debug_macro   0x000000000001fa17      0x1e2 Core/Src/stm32f4xx_hal_msp.o
 .debug_macro   0x000000000001fbf9      0x395 Core/Src/stm32f4xx_it.o
 .debug_macro   0x000000000001ff8e       0x1c Core/Src/stm32f4xx_it.o
 .debug_macro   0x000000000001ffaa       0x10 Core/Src/stm32f4xx_it.o
 .debug_macro   0x000000000001ffba       0x10 Core/Src/stm32f4xx_it.o
 .debug_macro   0x000000000001ffca       0x1c Core/Src/stm32f4xx_it.o
 .debug_macro   0x000000000001ffe6       0x52 Core/Src/stm32f4xx_it.o
 .debug_macro   0x0000000000020038       0x40 Core/Src/stm32f4xx_it.o
 .debug_macro   0x0000000000020078       0x10 Core/Src/stm32f4xx_it.o
 .debug_macro   0x0000000000020088       0x40 Core/Src/stm32f4xx_it.o
 .debug_macro   0x00000000000200c8       0xd7 Core/Src/stm32f4xx_it.o
 .debug_macro   0x000000000002019f       0x1c Core/Src/stm32f4xx_it.o
 .debug_macro   0x00000000000201bb       0x3d Core/Src/stm32f4xx_it.o
 .debug_macro   0x00000000000201f8       0x16 Core/Src/stm32f4xx_it.o
 .debug_macro   0x000000000002020e      0x145 Core/Src/stm32f4xx_it.o
 .debug_macro   0x0000000000020353       0xee Core/Src/sysmem.o
 .debug_macro   0x0000000000020441      0x23b Core/Src/sysmem.o
 .debug_macro   0x000000000002067c      0x1e4 Core/Src/system_stm32f4xx.o
 .debug_macro   0x0000000000020860      0x1ec Core/Src/tim.o
 .debug_macro   0x0000000000020a4c      0x2bc Core/Src/trace.o
 .debug_macro   0x0000000000020d08      0x1ec Core/Src/usart.o
 .debug_macro   0x0000000000020ef4      0x238 Drivers/STM32F4xx_HAL_Driver/Src/stm32f4xx_hal.o
 .debug_macro   0x000000000002112c      0x1d8 Drivers/STM32F4xx_HAL_Driver/Src/stm32f4xx_hal_cortex.o
 .debug_macro   0x0000000000021304      0x1de Drivers/STM32F4xx_HAL_Driver/Src/stm32f4xx_hal_dma.o
 .debug_macro   0x00000000000214e2      0x20e Drivers/STM32F4xx_HAL_Driver/Src/stm32f4xx_hal_gpio.o
 .debug_macro   0x00000000000216f0      0x1de Drivers/STM32F4xx_HAL_Driver/Src/stm32f4xx_hal_iwdg.o
 .debug_macro   0x00000000000218ce      0x1fc Drivers/STM32F4xx_HAL_Driver/Src/stm32f4xx_hal_rcc.o
 .debug_macro   0x0000000000021aca      0x1d9 Drivers/STM32F4xx_HAL_Driver/Src/stm32f4xx_hal_tim.o
 .debug_macro   0x0000000000021ca3      0x1d8 Drivers/STM32F4xx_HAL_Driver/Src/stm32f4xx_hal_tim_ex.o
 .debug_macro   0x0000000000021e7b      0x1d9 Drivers/STM32F4xx_HAL_Driver/Src/stm32f4xx_hal_uart.o

.debug_line     0x0000000000000000     0xbdd2
 .debug_line    0x0000000000000000       0x82 Core/Src/crc32.o
 .debug_line    0x0000000000000082      0x6d6 Core/Src/dma.o
 .debug_line    0x0000000000000758      0x6de Core/Src/gpio.o
 .debug_line    0x0000000000000e36      0x6d8 Core/Src/iwdg.o
 .debug_line    0x000000000000150e      0x8c7 Core/Src/main.o
 .debug_line    0x0000000000001dd5      0x6d9 Core/Src/stm32f4xx_hal_msp.o
 .debug_line    0x00000000000024ae      0x9ea Core/Src/stm32f4xx_it.o
 .debug_line    0x0000000000002e98      0x4c7 Core/Src/sysmem.o
 .debug_line    0x000000000000335f      0x6f4 Core/Src/system_stm32f4xx.o
 .debug_line    0x0000000000003a53      0x701 Core/Src/tim.o
 .debug_line    0x0000000000004154      0x8dc Core/Src/trace.o
 .debug_line    0x0000000000004a30      0x75d Core/Src/usart.o
 .debug_line    0x000000000000518d       0x85 Core/Startup/startup_stm32f407vgtx.o
 .debug_line    0x0000000000005212      0x8de Drivers/STM32F4xx_HAL_Driver/Src/stm32f4xx_hal.o
 .debug_line    0x0000000000005af0      0xa02 Drivers/STM32F4xx_HAL_Driver/Src/stm32f4xx_hal_cortex.o
 .debug_line    0x00000000000064f2      0x9ac Drivers/STM32F4xx_HAL_Driver/Src/stm32f4xx_hal_dma.o
 .debug_line    0x0000000000006e9e      0x8bd Drivers/STM32F4xx_HAL_Driver/Src/stm32f4xx_hal_gpio.o
 .debug_line    0x000000000000775b      0x70a Drivers/STM32F4xx_HAL_Driver/Src/stm32f4xx_hal_iwdg.o
 .debug_line    0x0000000000007e65      0x936 Drivers/STM32F4xx_HAL_Driver/Src/stm32f4xx_hal_rcc.o
 .debug_line    0x000000000000879b     0x1957 Drivers/STM32F4xx_HAL_Driver/Src/stm32f4xx_hal_tim.o
 .debug_line    0x000000000000a0f2      0xcf4 Drivers/STM32F4xx_HAL_Driver/Src/stm32f4xx_hal_tim_ex.o
 .debug_line    0x000000000000ade6      0xfec Drivers/STM32F4xx_HAL_Driver/Src/stm32f4xx_hal_uart.o

.debug_str      0x0000000000000000    0xca7f8
 .debug_str     0x0000000000000000     0x2d1a Core/Src/crc32.o
                                       0x2d47 (size before relaxing)
 .debug_str     0x0000000000002d1a    0xbfde7 Core/Src/dma.o
                                      0xc2d67 (size before relaxing)
 .debug_str     0x00000000000c2b01       0xbb Core/Src/gpio.o
                                      0xc2919 (size before relaxing)
 .debug_str     0x00000000000c2bbc       0x92 Core/Src/iwdg.o
                                      0xc27f5 (size before relaxing)
 .debug_str     0x00000000000c2c4e     0x383c Core/Src/main.o
                                      0xc6235 (size before relaxing)
 .debug_str     0x00000000000c648a       0x2c Core/Src/stm32f4xx_hal_msp.o
                                      0xc287c (size before relaxing)
 .debug_str     0x00000000000c64b6     0x1303 Core/Src/stm32f4xx_it.o
                                      0xc7225 (size before relaxing)
 .debug_str     0x00000000000c77b9      0x4e9 Core/Src/sysmem.o
                                       0x5f65 (size before relaxing)
 .debug_str     0x00000000000c7ca2       0xd5 Core/Src/system_stm32f4xx.o
                                      0xc2914 (size before relaxing)
 .debug_str     0x00000000000c7d77       0x5b Core/Src/tim.o
                                      0xc31f0 (size before relaxing)
 .debug_str     0x00000000000c7dd2      0x118 Core/Src/trace.o
                                      0xc5aac (size before relaxing)
 .debug_str     0x00000000000c7eea       0x6b Core/Src/usart.o
                                      0xc3280 (size before relaxing)
 .debug_str     0x00000000000c7f55       0x36 Core/Startup/startup_stm32f407vgtx.o
                                         0x72 (size before relaxing)
 .debug_str     0x00000000000c7f8b      0x58d Drivers/STM32F4xx_HAL_Driver/Src/stm32f4xx_hal.o
                                      0xc33d0 (size before relaxing)
 .debug_str     0x00000000000c8518      0x399 Drivers/STM32F4xx_HAL_Driver/Src/stm32f4xx_hal_cortex.o
                                      0xc31bf (size before relaxing)
 .debug_str     0x00000000000c88b1      0x31d Drivers/STM32F4xx_HAL_Driver/Src/stm32f4xx_hal_dma.o
                                      0xc2d18 (size before relaxing)
 .debug_str     0x00000000000c8bce      0x20c Drivers/STM32F4xx_HAL_Driver/Src/stm32f4xx_hal_gpio.o
                                      0xc2b42 (size before relaxing)
 .debug_str     0x00000000000c8dda       0x75 Drivers/STM32F4xx_HAL_Driver/Src/stm32f4xx_hal_iwdg.o
                                      0xc2850 (size before relaxing)
 .debug_str     0x00000000000c8e4f      0x259 Drivers/STM32F4xx_HAL_Driver/Src/stm32f4xx_hal_rcc.o
                                      0xc2cf0 (size before relaxing)
 .debug_str     0x00000000000c90a8      0xd66 Drivers/STM32F4xx_HAL_Driver/Src/stm32f4xx_hal_tim.o
                                      0xc3a0f (size before relaxing)
 .debug_str     0x00000000000c9e0e      0x4ec Drivers/STM32F4xx_HAL_Driver/Src/stm32f4xx_hal_tim_ex.o
                                      0xc320f (size before relaxing)
 .debug_str     0x00000000000ca2fa      0x4fe Drivers/STM32F4xx_HAL_Driver/Src/stm32f4xx_hal_uart.o
                                      0xc314f (size before relaxing)

.comment        0x0000000000000000       0x7b
 .comment       0x0000000000000000       0x7b Core/Src/crc32.o
                                         0x7c (size before relaxing)
 .comment       0x000000000000007b       0x7c Core/Src/dma.o
 .comment       0x000000000000007b       0x7c Core/Src/gpio.o
 .comment       0x000000000000007b       0x7c Core/Src/iwdg.o
 .comment       0x000000000000007b       0x7c Core/Src/main.o
 .comment       0x000000000000007b       0x7c Core/Src/stm32f4xx_hal_msp.o
 .comment       0x000000000000007b       0x7c Core/Src/stm32f4xx_it.o
 .comment       0x000000000000007b       0x7c Core/Src/sysmem.o
 .comment       0x000000000000007b       0x7c Core/Src/system_stm32f4xx.o
 .comment       0x000000000000007b       0x7c Core/Src/tim.o
 .comment       0x000000000000007b       0x7c Core/Src/trace.o
 .comment       0x000000000000007b       0x7c Core/Src/usart.o
 .comment       0x000000000000007b       0x7c Drivers/STM32F4xx_HAL_Driver/Src/stm32f4xx_hal.o
 .comment       0x000000000000007b       0x7c Drivers/STM32F4xx_HAL_Driver/Src/stm32f4xx_hal_cortex.o
 .comment       0x000000000000007b       0x7c Drivers/STM32F4xx_HAL_Driver/Src/stm32f4xx_hal_dma.o
 .comment       0x000000000000007b       0x7c Drivers/STM32F4xx_HAL_Driver/Src/stm32f4xx_hal_gpio.o
 .comment       0x000000000000007b       0x7c Drivers/STM32F4xx_HAL_Driver/Src/stm32f4xx_hal_iwdg.o
 .comment       0x000000000000007b       0x7c Drivers/STM32F4xx_HAL_Driver/Src/stm32f4xx_hal_rcc.o
 .comment       0x000000000000007b       0x7c Drivers/STM32F4xx_HAL_Driver/Src/stm32f4xx_hal_tim.o
 .comment       0x000000000000007b       0x7c Drivers/STM32F4xx_HAL_Driver/Src/stm32f4xx_hal_tim_ex.o
 .comment       0x000000000000007b       0x7c Drivers/STM32F4xx_HAL_Driver/Src/stm32f4xx_hal_uart.o

.debug_frame    0x0000000000000000     0x3690
 .debug_frame   0x0000000000000000       0x5c Core/Src/crc32.o
 .debug_frame   0x000000000000005c       0x34 Core/Src/dma.o
 .debug_frame   0x0000000000000090       0x34 Core/Src/gpio.o
 .debug_frame   0x00000000000000c4       0x2c Core/Src/iwdg.o
 .debug_frame   0x00000000000000f0       0x94 Core/Src/main.o
 .debug_frame   0x0000000000000184       0x38 Core/Src/stm32f4xx_hal_msp.o
 .debug_frame   0x00000000000001bc      0x184 Core/Src/stm32f4xx_it.o
 .debug_frame   0x0000000000000340       0x34 Core/Src/sysmem.o
 .debug_frame   0x0000000000000374       0x58 Core/Src/system_stm32f4xx.o
 .debug_frame   0x00000000000003cc       0x74 Core/Src/tim.o
 .debug_frame   0x0000000000000440       0xe8 Core/Src/trace.o
 .debug_frame   0x0000000000000528       0x90 Core/Src/usart.o
 .debug_frame   0x00000000000005b8      0x374 Drivers/STM32F4xx_HAL_Driver/Src/stm32f4xx_hal.o
 .debug_frame   0x000000000000092c      0x498 Drivers/STM32F4xx_HAL_Driver/Src/stm32f4xx_hal_cortex.o
 .debug_frame   0x0000000000000dc4      0x250 Drivers/STM32F4xx_HAL_Driver/Src/stm32f4xx_hal_dma.o
 .debug_frame   0x0000000000001014      0x14c Drivers/STM32F4xx_HAL_Driver/Src/stm32f4xx_hal_gpio.o
 .debug_frame   0x0000000000001160       0x5c Drivers/STM32F4xx_HAL_Driver/Src/stm32f4xx_hal_iwdg.o
 .debug_frame   0x00000000000011bc      0x1f0 Drivers/STM32F4xx_HAL_Driver/Src/stm32f4xx_hal_rcc.o
 .debug_frame   0x00000000000013ac     0x10f0 Drivers/STM32F4xx_HAL_Driver/Src/stm32f4xx_hal_tim.o
 .debug_frame   0x000000000000249c      0x5c0 Drivers/STM32F4xx_HAL_Driver/Src/stm32f4xx_hal_tim_ex.o
 .debug_frame   0x0000000000002a5c      0x844 Drivers/STM32F4xx_HAL_Driver/Src/stm32f4xx_hal_uart.o
 .debug_frame   0x00000000000032a0       0x20 c:/st/stm32cubeide_1.4.0/stm32cubeide/plugins/com.st.stm32cube.ide.mcu.externaltools.gnu-tools-for-stm32.7-2018-q2-update.win32_1.5.0.202011040924/tools/bin/../lib/gcc/arm-none-eabi/7.3.1/../../../../arm-none-eabi/lib/thumb/v7e-m/fpv4-sp/hard\libc_nano.a(lib_a-errno.o)
 .debug_frame   0x00000000000032c0       0x2c c:/st/stm32cubeide_1.4.0/stm32cubeide/plugins/com.st.stm32cube.ide.mcu.externaltools.gnu-tools-for-stm32.7-2018-q2-update.win32_1.5.0.202011040924/tools/bin/../lib/gcc/arm-none-eabi/7.3.1/../../../../arm-none-eabi/lib/thumb/v7e-m/fpv4-sp/hard\libc_nano.a(lib_a-init.o)
 .debug_frame   0x00000000000032ec       0x20 c:/st/stm32cubeide_1.4.0/stm32cubeide/plugins/com.st.stm32cube.ide.mcu.externaltools.gnu-tools-for-stm32.7-2018-q2-update.win32_1.5.0.202011040924/tools/bin/../lib/gcc/arm-none-eabi/7.3.1/../../../../arm-none-eabi/lib/thumb/v7e-m/fpv4-sp/hard\libc_nano.a(lib_a-memset.o)
 .debug_frame   0x000000000000330c       0x6c c:/st/stm32cubeide_1.4.0/stm32cubeide/plugins/com.st.stm32cube.ide.mcu.externaltools.gnu-tools-for-stm32.7-2018-q2-update.win32_1.5.0.202011040924/tools/bin/../lib/gcc/arm-none-eabi/7.3.1/../../../../arm-none-eabi/lib/thumb/v7e-m/fpv4-sp/hard\libc_nano.a(lib_a-sprintf.o)
 .debug_frame   0x0000000000003378       0x90 c:/st/stm32cubeide_1.4.0/stm32cubeide/plugins/com.st.stm32cube.ide.mcu.externaltools.gnu-tools-for-stm32.7-2018-q2-update.win32_1.5.0.202011040924/tools/bin/../lib/gcc/arm-none-eabi/7.3.1/../../../../arm-none-eabi/lib/thumb/v7e-m/fpv4-sp/hard\libc_nano.a(lib_a-nano-svfprintf.o)
 .debug_frame   0x0000000000003408       0x60 c:/st/stm32cubeide_1.4.0/stm32cubeide/plugins/com.st.stm32cube.ide.mcu.externaltools.gnu-tools-for-stm32.7-2018-q2-update.win32_1.5.0.202011040924/tools/bin/../lib/gcc/arm-none-eabi/7.3.1/../../../../arm-none-eabi/lib/thumb/v7e-m/fpv4-sp/hard\libc_nano.a(lib_a-nano-vfprintf_i.o)
 .debug_frame   0x0000000000003468       0x28 c:/st/stm32cubeide_1.4.0/stm32cubeide/plugins/com.st.stm32cube.ide.mcu.externaltools.gnu-tools-for-stm32.7-2018-q2-update.win32_1.5.0.202011040924/tools/bin/../lib/gcc/arm-none-eabi/7.3.1/../../../../arm-none-eabi/lib/thumb/v7e-m/fpv4-sp/hard\libc_nano.a(lib_a-memcpy-stub.o)
 .debug_frame   0x0000000000003490       0x28 c:/st/stm32cubeide_1.4.0/stm32cubeide/plugins/com.st.stm32cube.ide.mcu.externaltools.gnu-tools-for-stm32.7-2018-q2-update.win32_1.5.0.202011040924/tools/bin/../lib/gcc/arm-none-eabi/7.3.1/../../../../arm-none-eabi/lib/thumb/v7e-m/fpv4-sp/hard\libc_nano.a(lib_a-memmove.o)
 .debug_frame   0x00000000000034b8       0x38 c:/st/stm32cubeide_1.4.0/stm32cubeide/plugins/com.st.stm32cube.ide.mcu.externaltools.gnu-tools-for-stm32.7-2018-q2-update.win32_1.5.0.202011040924/tools/bin/../lib/gcc/arm-none-eabi/7.3.1/../../../../arm-none-eabi/lib/thumb/v7e-m/fpv4-sp/hard\libc_nano.a(lib_a-nano-freer.o)
 .debug_frame   0x00000000000034f0       0x2c c:/st/stm32cubeide_1.4.0/stm32cubeide/plugins/com.st.stm32cube.ide.mcu.externaltools.gnu-tools-for-stm32.7-2018-q2-update.win32_1.5.0.202011040924/tools/bin/../lib/gcc/arm-none-eabi/7.3.1/../../../../arm-none-eabi/lib/thumb/v7e-m/fpv4-sp/hard\libc_nano.a(lib_a-nano-mallocr.o)
 .debug_frame   0x000000000000351c       0x3c c:/st/stm32cubeide_1.4.0/stm32cubeide/plugins/com.st.stm32cube.ide.mcu.externaltools.gnu-tools-for-stm32.7-2018-q2-update.win32_1.5.0.202011040924/tools/bin/../lib/gcc/arm-none-eabi/7.3.1/../../../../arm-none-eabi/lib/thumb/v7e-m/fpv4-sp/hard\libc_nano.a(lib_a-nano-reallocr.o)
 .debug_frame   0x0000000000003558       0x2c c:/st/stm32cubeide_1.4.0/stm32cubeide/plugins/com.st.stm32cube.ide.mcu.externaltools.gnu-tools-for-stm32.7-2018-q2-update.win32_1.5.0.202011040924/tools/bin/../lib/gcc/arm-none-eabi/7.3.1/../../../../arm-none-eabi/lib/thumb/v7e-m/fpv4-sp/hard\libc_nano.a(lib_a-sbrkr.o)
 .debug_frame   0x0000000000003584       0x30 c:/st/stm32cubeide_1.4.0/stm32cubeide/plugins/com.st.stm32cube.ide.mcu.externaltools.gnu-tools-for-stm32.7-2018-q2-update.win32_1.5.0.202011040924/tools/bin/../lib/gcc/arm-none-eabi/7.3.1/../../../../arm-none-eabi/lib/thumb/v7e-m/fpv4-sp/hard\libc_nano.a(lib_a-mlock.o)
 .debug_frame   0x00000000000035b4       0x20 c:/st/stm32cubeide_1.4.0/stm32cubeide/plugins/com.st.stm32cube.ide.mcu.externaltools.gnu-tools-for-stm32.7-2018-q2-update.win32_1.5.0.202011040924/tools/bin/../lib/gcc/arm-none-eabi/7.3.1/../../../../arm-none-eabi/lib/thumb/v7e-m/fpv4-sp/hard\libc_nano.a(lib_a-nano-msizer.o)
 .debug_frame   0x00000000000035d4       0x5c c:/st/stm32cubeide_1.4.0/stm32cubeide/plugins/com.st.stm32cube.ide.mcu.externaltools.gnu-tools-for-stm32.7-2018-q2-update.win32_1.5.0.202011040924/tools/bin/../lib/gcc/arm-none-eabi/7.3.1/../../../../arm-none-eabi/lib/thumb/v7e-m/fpv4-sp/hard\libc_nano.a(lib_a-reent.o)
 .debug_frame   0x0000000000003630       0x2c c:/st/stm32cubeide_1.4.0/stm32cubeide/plugins/com.st.stm32cube.ide.mcu.externaltools.gnu-tools-for-stm32.7-2018-q2-update.win32_1.5.0.202011040924/tools/bin/../lib/gcc/arm-none-eabi/7.3.1/thumb/v7e-m/fpv4-sp/hard\libgcc.a(_aeabi_uldivmod.o)
 .debug_frame   0x000000000000365c       0x34 c:/st/stm32cubeide_1.4.0/stm32cubeide/plugins/com.st.stm32cube.ide.mcu.externaltools.gnu-tools-for-stm32.7-2018-q2-update.win32_1.5.0.202011040924/tools/bin/../lib/gcc/arm-none-eabi/7.3.1/thumb/v7e-m/fpv4-sp/hard\libgcc.a(_udivmoddi4.o)
